Archive member included because of file (symbol)

./../Platform/Sensors/debug/libSensors_efm32_debug.a(Environmental.o)
                              C:/XDK-Workbench/workspace/StreamSensorDataOverUsb/debug/objects/EnvironmentalSensor.o (Environmental_init)
./../Platform/Sensors/debug/libSensors_efm32_debug.a(Gyroscope.o)
                              C:/XDK-Workbench/workspace/StreamSensorDataOverUsb/debug/objects/Gyroscope.o (Gyroscope_init)
./../Platform/Sensors/debug/libSensors_efm32_debug.a(Accelerometer.o)
                              C:/XDK-Workbench/workspace/StreamSensorDataOverUsb/debug/objects/Accelerometer.o (Accelerometer_init)
./../Platform/Sensors/debug/libSensors_efm32_debug.a(LightSensor.o)
                              C:/XDK-Workbench/workspace/StreamSensorDataOverUsb/debug/objects/LightSensor.o (LightSensor_init)
./../Platform/Sensors/debug/libSensors_efm32_debug.a(Magnetometer.o)
                              C:/XDK-Workbench/workspace/StreamSensorDataOverUsb/debug/objects/Magnetometer.o (Magnetometer_init)
./../Platform/SensorUtils/debug/libSensorUtils_efm32_debug.a(Bma280Utils.o)
                              ./../Platform/Sensors/debug/libSensors_efm32_debug.a(Accelerometer.o) (Bma280Utils_initialize)
./../Platform/SensorUtils/debug/libSensorUtils_efm32_debug.a(AxisRemap.o)
                              ./../Platform/SensorUtils/debug/libSensorUtils_efm32_debug.a(Bma280Utils.o) (AxisRemap_remapSensorData)
./../Platform/SensorUtils/debug/libSensorUtils_efm32_debug.a(Bmi160Utils.o)
                              ./../Platform/Sensors/debug/libSensors_efm32_debug.a(Gyroscope.o) (Bmi160Utils_initialize)
./../Platform/SensorUtils/debug/libSensorUtils_efm32_debug.a(Bmg160Utils.o)
                              ./../Platform/Sensors/debug/libSensors_efm32_debug.a(Gyroscope.o) (Bmg160Utils_initialize)
./../Platform/SensorUtils/debug/libSensorUtils_efm32_debug.a(Bme280Utils.o)
                              ./../Platform/Sensors/debug/libSensors_efm32_debug.a(Environmental.o) (Bme280Utils_initialize)
./../Platform/SensorUtils/debug/libSensorUtils_efm32_debug.a(Bmm150Utils.o)
                              ./../Platform/Sensors/debug/libSensors_efm32_debug.a(Magnetometer.o) (Bmm150Utils_initialize)
./../Platform/SensorUtils/debug/libSensorUtils_efm32_debug.a(Max44009Utils.o)
                              ./../Platform/Sensors/debug/libSensors_efm32_debug.a(LightSensor.o) (Max44009Utils_initialize)
./../Libraries/FreeRTOS/FreeRTOS/../BCDS_Customization/debug/libFreeRTOS_efm32_debug.a(queue.o)
                              ./../Platform/SensorToolbox/release/libSensorToolbox.a (xQueueCreateMutex)
./../Libraries/FreeRTOS/FreeRTOS/../BCDS_Customization/debug/libFreeRTOS_efm32_debug.a(tasks.o)
                              ./../Platform/SensorToolbox/release/libSensorToolbox.a (xTaskGenericCreate)
./../Libraries/FreeRTOS/FreeRTOS/../BCDS_Customization/debug/libFreeRTOS_efm32_debug.a(timers.o)
                              ./../Libraries/FreeRTOS/FreeRTOS/../BCDS_Customization/debug/libFreeRTOS_efm32_debug.a(tasks.o) (xTimerCreateTimerTask)
./../Libraries/FreeRTOS/FreeRTOS/../BCDS_Customization/debug/libFreeRTOS_efm32_debug.a(heap_4.o)
                              ./../Libraries/FreeRTOS/FreeRTOS/../BCDS_Customization/debug/libFreeRTOS_efm32_debug.a(queue.o) (pvPortMalloc)
./../Libraries/FreeRTOS/FreeRTOS/../BCDS_Customization/debug/libFreeRTOS_efm32_debug.a(port.o)
                              ./../Libraries/FreeRTOS/FreeRTOS/../BCDS_Customization/debug/libFreeRTOS_efm32_debug.a(tasks.o) (pxPortInitialiseStack)
./../Libraries/FreeRTOS/FreeRTOS/../BCDS_Customization/debug/libFreeRTOS_efm32_debug.a(list.o)
                              ./../Libraries/FreeRTOS/FreeRTOS/../BCDS_Customization/debug/libFreeRTOS_efm32_debug.a(queue.o) (vListInitialise)
./../Platform/Peripherals/debug/libPeripherals_efm32_debug.a(I2C_cc.o)
                              ./../Platform/SensorUtils/debug/libSensorUtils_efm32_debug.a(Bma280Utils.o) (I2C_delayFunction)
./../Platform/Peripherals/debug/libPeripherals_efm32_debug.a(SID_serialDriverInf_cc.o)
                              ./../Platform/Peripherals/debug/libPeripherals_efm32_debug.a(I2C_cc.o) (SID_init)
./../Platform/Peripherals/debug/libPeripherals_efm32_debug.a(I2C_efm32Driver_cc.o)
                              ./../Platform/Peripherals/debug/libPeripherals_efm32_debug.a(SID_serialDriverInf_cc.o) (I2C_initCtrSpecific)
./../Platform/Peripherals/debug/libPeripherals_efm32_debug.a(PTD_portDriver_cc.o)
                              ./../Platform/SensorUtils/debug/libSensorUtils_efm32_debug.a(Bma280Utils.o) (PTD_intConfig)
./../Platform/Peripherals/debug/libPeripherals_efm32_debug.a(USB_cc.o)
                              C:/XDK-Workbench/workspace/StreamSensorDataOverUsb/debug/objects/./../Platform/Utils/source/RSM_retargetStdioMessage/retargetio.o (RETARGET_WriteChar)
./../Libraries/EMlib/EMLib/../BCDS_Customization/debug/libEMLib_efm32_debug.a(em_cmu.o)
[...]
Memory Configuration

Name             Origin             Length             Attributes
FLASH            0x00010000         0x000f0000         xr
RAM              0x20000000         0x00020000         xrw
*default*        0x00000000         0xffffffff

Linker script and memory map

LOAD c:/xdk-workbench/armgcc/bin/../lib/gcc/arm-none-eabi/4.7.4/armv7-m/crti.o
LOAD c:/xdk-workbench/armgcc/bin/../lib/gcc/arm-none-eabi/4.7.4/armv7-m/crtbegin.o
LOAD c:/xdk-workbench/armgcc/bin/../lib/gcc/arm-none-eabi/4.7.4/../../../../arm-none-eabi/lib/armv7-m/crt0.o
LOAD C:/XDK-Workbench/workspace/StreamSensorDataOverUsb/debug/objects/./../Platform/Utils/source/RSM_retargetStdioMessage/retargetio.o
LOAD C:/XDK-Workbench/workspace/StreamSensorDataOverUsb/debug/objects/./../Libraries/EMlib/EMLib/usb/src/em_usbdint.o
LOAD C:/XDK-Workbench/workspace/StreamSensorDataOverUsb/debug/objects/main.o
LOAD C:/XDK-Workbench/workspace/StreamSensorDataOverUsb/debug/objects/StreamSensorDataOverUsb.o
LOAD C:/XDK-Workbench/workspace/StreamSensorDataOverUsb/debug/objects/Accelerometer.o
LOAD C:/XDK-Workbench/workspace/StreamSensorDataOverUsb/debug/objects/Gyroscope.o
LOAD C:/XDK-Workbench/workspace/StreamSensorDataOverUsb/debug/objects/InertialSensor.o
LOAD C:/XDK-Workbench/workspace/StreamSensorDataOverUsb/debug/objects/LightSensor.o
LOAD C:/XDK-Workbench/workspace/StreamSensorDataOverUsb/debug/objects/Magnetometer.o
LOAD C:/XDK-Workbench/workspace/StreamSensorDataOverUsb/debug/objects/EnvironmentalSensor.o
LOAD C:/XDK-Workbench/workspace/StreamSensorDataOverUsb/debug/objects/startup_efm32gg.o
START GROUP
LOAD ./../Platform/SensorToolbox/release/libSensorToolbox.a
LOAD ./../Libraries/ServalStack/BCDS_Customization/release/libServalStack_efm32.a
LOAD ./../Libraries/Cyassl/BCDS_Customization/release/libCyassl_efm32.a
LOAD ./../Platform/ServalPAL_WiFi/debug/libServalPalWifi_efm32_debug.a
LOAD ./../Libraries/WiFi/TI/../BCDS_Customization/debug/libWifiLib_efm32_debug.a
LOAD ./../Platform/Wlan/debug/libWlan_efm32_debug.a
LOAD ./../Platform/MiscDrivers/debug/libMiscDrivers_efm32_debug.a
LOAD ./../Platform/BLE/debug/libBLE_efm32_debug.a
LOAD ./../Platform/Sensors/debug/libSensors_efm32_debug.a
LOAD ./../Platform/SensorUtils/debug/libSensorUtils_efm32_debug.a
LOAD ./../Libraries/FreeRTOS/FreeRTOS/../BCDS_Customization/debug/libFreeRTOS_efm32_debug.a
LOAD ./../Platform/Peripherals/debug/libPeripherals_efm32_debug.a
LOAD ./../Libraries/EMlib/EMLib/../BCDS_Customization/debug/libEMLib_efm32_debug.a
LOAD ./../Libraries/BSTLib/BST_Github/../BCDS_Customization/debug/libBSTLib_efm32_debug.a
LOAD ../Common/debug/XDKCommon_efm32_debug.a
LOAD ./../Platform/Utils/debug/libUtils_efm32_debug.a
LOAD ./../Platform/Basics/debug/libBasics_efm32_debug.a
LOAD ./../Platform/SensorDrivers/debug/libSensorDrivers_efm32_debug.a
LOAD ./../Platform/Power/debug/libPOWER_efm32_debug.a
LOAD ./../Platform/SensorDrivers/debug/libSensorDrivers_efm32_debug.a
LOAD ./../Libraries/FATfs/BCDS_Customization/debug/libFATfs_efm32_debug.a
LOAD ./../Libraries/BLEStack/Alpwise/Core_Stack/Libraries/BLESW_CoreStack_CM3.a
LOAD ./../Libraries/BLEStack/Alpwise/Service/Data_Exchange_Service/Libraries/BLESW_ALPWDEP_Server_CM3.a
LOAD ./../Libraries/BLEStack/Alpwise/Core_Stack/Libraries/BLESW_ALPWDES_CM3.a
LOAD ./../Libraries/BLEStack/Alpwise/Service/BLESW_AlertNotification/Libraries/BLESW_ANP_Server_CM3.a
LOAD ./../Libraries/BLEStack/Alpwise/Core_Stack/Libraries/BLESW_ANS_CM3.a
LOAD ./../Libraries/BLEStack/Alpwise/Service/BLESW_BloodPressure/Libraries/BLESW_BLP_Sensor_CM3.a
LOAD ./../Libraries/BLEStack/Alpwise/Core_Stack/Libraries/BLESW_BLS_CM3.a
LOAD ./../Libraries/BLEStack/Alpwise/Service/BLESW_CyclingPower/Libraries/BLESW_CPP_Sensor_CM3.a
LOAD ./../Libraries/BLEStack/Alpwise/Core_Stack/Libraries/BLESW_CPS_CM3.a
LOAD ./../Libraries/BLEStack/Alpwise/Service/BLESW_CyclingSpeedAndCadence/Libraries/BLESW_CSCP_Sensor_CM3.a
LOAD ./../Libraries/BLEStack/Alpwise/Core_Stack/Libraries/BLESW_CSCS_CM3.a
LOAD ./../Libraries/BLEStack/Alpwise/Service/BLESW_Glucose/Libraries/BLESW_GLP_Sensor_CM3.a
LOAD ./../Libraries/BLEStack/Alpwise/Core_Stack/Libraries/BLESW_GLS_CM3.a
LOAD ./../Libraries/BLEStack/Alpwise/Service/BLESW_HealthThermometer/Libraries/BLESW_HTP_Thermometer_CM3.a
LOAD ./../Libraries/BLEStack/Alpwise/Core_Stack/Libraries/BLESW_HTS_CM3.a
LOAD ./../Libraries/BLEStack/Alpwise/Service/BLESW_HeartRate/Libraries/BLESW_HRP_Sensor_CM3.a
LOAD ./../Libraries/BLEStack/Alpwise/Core_Stack/Libraries/BLESW_HRS_CM3.a
LOAD ./../Libraries/BLEStack/Alpwise/Service/BLESW_HumanInterfaceDevice/Libraries/BLESW_HID_Host_CM3.a
LOAD ./../Libraries/BLEStack/Alpwise/Core_Stack/Libraries/BLESW_HIDS_CM3.a
LOAD ./../Libraries/BLEStack/Alpwise/Service/BLESW_LocationAndNavigation/Libraries/BLESW_LNP_Sensor_CM3.a
LOAD ./../Libraries/BLEStack/Alpwise/Core_Stack/Libraries/BLESW_LNS_CM3.a
LOAD ./../Libraries/BLEStack/Alpwise/Service/BLESW_NetworkAvailability/Libraries/BLESW_NWAP_Reporter_CM3.a
LOAD ./../Libraries/BLEStack/Alpwise/Core_Stack/Libraries/BLESW_NWAS_CM3.a
LOAD ./../Libraries/BLEStack/Alpwise/Service/BLESW_PhoneAlertStatus/Libraries/BLESW_PASP_Server_CM3.a
LOAD ./../Libraries/BLEStack/Alpwise/Core_Stack/Libraries/BLESW_PASS_CM3.a
LOAD ./../Libraries/BLEStack/Alpwise/Service/BLESW_RunningSpeedAndCadence/Libraries/BLESW_RSCP_Sensor_CM3.a
LOAD ./../Libraries/BLEStack/Alpwise/Core_Stack/Libraries/BLESW_RSCS_CM3.a
END GROUP
START GROUP
LOAD c:/xdk-workbench/armgcc/bin/../lib/gcc/arm-none-eabi/4.7.4/armv7-m\libgcc.a
LOAD c:/xdk-workbench/armgcc/bin/../lib/gcc/arm-none-eabi/4.7.4/../../../../arm-none-eabi/lib/armv7-m\libc.a
LOAD c:/xdk-workbench/armgcc/bin/../lib/gcc/arm-none-eabi/4.7.4/../../../../arm-none-eabi/lib/armv7-m\libm.a
END GROUP
START GROUP
LOAD c:/xdk-workbench/armgcc/bin/../lib/gcc/arm-none-eabi/4.7.4/armv7-m\libgcc.a
LOAD c:/xdk-workbench/armgcc/bin/../lib/gcc/arm-none-eabi/4.7.4/../../../../arm-none-eabi/lib/armv7-m\libc.a
END GROUP
LOAD c:/xdk-workbench/armgcc/bin/../lib/gcc/arm-none-eabi/4.7.4/armv7-m/crtend.o
LOAD c:/xdk-workbench/armgcc/bin/../lib/gcc/arm-none-eabi/4.7.4/armv7-m/crtn.o

.text           0x00010000    0x1fd74
 *(.isr_vector)
 .isr_vector    0x00010000      0x100 C:/XDK-Workbench/workspace/StreamSensorDataOverUsb/debug/objects/startup_efm32gg.o
                0x00010000                __isr_vector
 *(.text*)
 .text          0x00010100       0x54 c:/xdk-workbench/armgcc/bin/../lib/gcc/arm-none-eabi/4.7.4/armv7-m/crtbegin.o
 .text          0x00010154       0x70 c:/xdk-workbench/armgcc/bin/../lib/gcc/arm-none-eabi/4.7.4/../../../../arm-none-eabi/lib/armv7-m/crt0.o
                0x00010154                _start
                0x00010154                start
                0x00010154                _mainCRTStartup
 .text._close   0x000101c4       0x18 C:/XDK-Workbench/workspace/StreamSensorDataOverUsb/debug/objects/./../Platform/Utils/source/RSM_retargetStdioMessage/retargetio.o
                0x000101c4                _close
 .text._exit    0x000101dc        0xc C:/XDK-Workbench/workspace/StreamSensorDataOverUsb/debug/objects/./../Platform/Utils/source/RSM_retargetStdioMessage/retargetio.o
                0x000101dc                _exit
 .text._fstat   0x000101e8       0x24 C:/XDK-Workbench/workspace/StreamSensorDataOverUsb/debug/objects/./../Platform/Utils/source/RSM_retargetStdioMessage/retargetio.o
                0x000101e8                _fstat
 .text._isatty  0x0001020c       0x18 C:/XDK-Workbench/workspace/StreamSensorDataOverUsb/debug/objects/./../Platform/Utils/source/RSM_retargetStdioMessage/retargetio.o
                0x0001020c                _isatty
 .text._lseek   0x00010224       0x1c C:/XDK-Workbench/workspace/StreamSensorDataOverUsb/debug/objects/./../Platform/Utils/source/RSM_retargetStdioMessage/retargetio.o
                0x00010224                _lseek
 .text._read    0x00010240       0x70 C:/XDK-Workbench/workspace/StreamSensorDataOverUsb/debug/objects/./../Platform/Utils/source/RSM_retargetStdioMessage/retargetio.o
                0x00010240                _read
 .text._sbrk    0x000102b0       0xa0 C:/XDK-Workbench/workspace/StreamSensorDataOverUsb/debug/objects/./../Platform/Utils/source/RSM_retargetStdioMessage/retargetio.o
                0x000102b0                _sbrk
 .text._write   0x00010350       0x20 C:/XDK-Workbench/workspace/StreamSensorDataOverUsb/debug/objects/./../Platform/Utils/source/RSM_retargetStdioMessage/retargetio.o
                0x00010350                _write
 .text.INT_Disable
                0x00010370       0x40 C:/XDK-Workbench/workspace/StreamSensorDataOverUsb/debug/objects/./../Libraries/EMlib/EMLib/usb/src/em_usbdint.o
 .text.INT_Enable
                0x000103b0       0x54 C:/XDK-Workbench/workspace/StreamSensorDataOverUsb/debug/objects/./../Libraries/EMlib/EMLib/usb/src/em_usbdint.o
 .text.USBHAL_FlushTxFifo
                0x00010404       0x4c C:/XDK-Workbench/workspace/StreamSensorDataOverUsb/debug/objects/./../Libraries/EMlib/EMLib/usb/src/em_usbdint.o
 .text.USBHAL_GetCoreInts
                0x00010450       0x40 C:/XDK-Workbench/workspace/StreamSensorDataOverUsb/debug/objects/./../Libraries/EMlib/EMLib/usb/src/em_usbdint.o
 .text.USBDHAL_EnableInts
                0x00010490       0x70 C:/XDK-Workbench/workspace/StreamSensorDataOverUsb/debug/objects/./../Libraries/EMlib/EMLib/usb/src/em_usbdint.o
 .text.USBDHAL_Ep0Activate
                0x00010500       0x70 C:/XDK-Workbench/workspace/StreamSensorDataOverUsb/debug/objects/./../Libraries/EMlib/EMLib/usb/src/em_usbdint.o
 .text.USBDHAL_GetAllInEpInts
                0x00010570       0x48 C:/XDK-Workbench/workspace/StreamSensorDataOverUsb/debug/objects/./../Libraries/EMlib/EMLib/usb/src/em_usbdint.o
 .text.USBDHAL_GetAllOutEpInts
                0x000105b8       0x44 C:/XDK-Workbench/workspace/StreamSensorDataOverUsb/debug/objects/./../Libraries/EMlib/EMLib/usb/src/em_usbdint.o
 .text.USBDHAL_GetInEpInts
                0x000105fc       0x44 C:/XDK-Workbench/workspace/StreamSensorDataOverUsb/debug/objects/./../Libraries/EMlib/EMLib/usb/src/em_usbdint.o
 .text.USBDHAL_GetOutEpInts
                0x00010640       0x44 C:/XDK-Workbench/workspace/StreamSensorDataOverUsb/debug/objects/./../Libraries/EMlib/EMLib/usb/src/em_usbdint.o
 .text.USBDHAL_StartEp0Setup
                0x00010684       0x88 C:/XDK-Workbench/workspace/StreamSensorDataOverUsb/debug/objects/./../Libraries/EMlib/EMLib/usb/src/em_usbdint.o
 .text.USBD_GetEpFromAddr
                0x0001070c       0xa0 C:/XDK-Workbench/workspace/StreamSensorDataOverUsb/debug/objects/./../Libraries/EMlib/EMLib/usb/src/em_usbdint.o
 .text.USB_IRQHandler
                0x000107ac      0x16c C:/XDK-Workbench/workspace/StreamSensorDataOverUsb/debug/objects/./../Libraries/EMlib/EMLib/usb/src/em_usbdint.o
                0x000107ac                USB_IRQHandler
 .text.Handle_USB_GINTSTS_ENUMDONE
                0x00010918       0x3c C:/XDK-Workbench/workspace/StreamSensorDataOverUsb/debug/objects/./../Libraries/EMlib/EMLib/usb/src/em_usbdint.o
 .text.Handle_USB_GINTSTS_IEPINT
                0x00010954      0x118 C:/XDK-Workbench/workspace/StreamSensorDataOverUsb/debug/objects/./../Libraries/EMlib/EMLib/usb/src/em_usbdint.o
 .text.Handle_USB_GINTSTS_OEPINT
                0x00010a6c      0x230 C:/XDK-Workbench/workspace/StreamSensorDataOverUsb/debug/objects/./../Libraries/EMlib/EMLib/usb/src/em_usbdint.o
 .text.Handle_USB_GINTSTS_RESETDET
                0x00010c9c       0x40 C:/XDK-Workbench/workspace/StreamSensorDataOverUsb/debug/objects/./../Libraries/EMlib/EMLib/usb/src/em_usbdint.o
 .text.Handle_USB_GINTSTS_SOF
                0x00010cdc       0x64 C:/XDK-Workbench/workspace/StreamSensorDataOverUsb/debug/objects/./../Libraries/EMlib/EMLib/usb/src/em_usbdint.o
 .text.Handle_USB_GINTSTS_USBRST
                0x00010d40      0x150 C:/XDK-Workbench/workspace/StreamSensorDataOverUsb/debug/objects/./../Libraries/EMlib/EMLib/usb/src/em_usbdint.o
 .text.Handle_USB_GINTSTS_USBSUSP
                0x00010e90       0x68 C:/XDK-Workbench/workspace/StreamSensorDataOverUsb/debug/objects/./../Libraries/EMlib/EMLib/usb/src/em_usbdint.o
 .text.Handle_USB_GINTSTS_WKUPINT
                0x00010ef8       0x30 C:/XDK-Workbench/workspace/StreamSensorDataOverUsb/debug/objects/./../Libraries/EMlib/EMLib/usb/src/em_usbdint.o
 .text.main     0x00010f28       0x10 C:/XDK-Workbench/workspace/StreamSensorDataOverUsb/debug/objects/main.o
                0x00010f28                main
 .text.init     0x00010f38       0x20 C:/XDK-Workbench/workspace/StreamSensorDataOverUsb/debug/objects/StreamSensorDataOverUsb.o
                0x00010f38                init
 .text.appInitSystem
                0x00010f58       0x14 C:/XDK-Workbench/workspace/StreamSensorDataOverUsb/debug/objects/StreamSensorDataOverUsb.o
                0x00010f58                appInitSystem
 .text.appDeferredISRCallback
                0x00010f6c       0x20 C:/XDK-Workbench/workspace/StreamSensorDataOverUsb/debug/objects/Accelerometer.o
 .text.realTimeISRCallback
                0x00010f8c       0x58 C:/XDK-Workbench/workspace/StreamSensorDataOverUsb/debug/objects/Accelerometer.o
 .text.driverDeferredISRCallback
                0x00010fe4       0x20 C:/XDK-Workbench/workspace/StreamSensorDataOverUsb/debug/objects/Accelerometer.o
 .text.switchCallback
                0x00011004       0xa8 C:/XDK-Workbench/workspace/StreamSensorDataOverUsb/debug/objects/Accelerometer.o
 .text.printAccelData
                0x000110ac      0x104 C:/XDK-Workbench/workspace/StreamSensorDataOverUsb/debug/objects/Accelerometer.o
 .text.accelerometerSensorInit
                0x000111b0      0x18c C:/XDK-Workbench/workspace/StreamSensorDataOverUsb/debug/objects/Accelerometer.o
                0x000111b0                accelerometerSensorInit
 .text.printSensorData
                0x0001133c       0xb8 C:/XDK-Workbench/workspace/StreamSensorDataOverUsb/debug/objects/Gyroscope.o
                0x0001133c                printSensorData
 .text.gyroscopeSensorInit
                0x000113f4       0xf4 C:/XDK-Workbench/workspace/StreamSensorDataOverUsb/debug/objects/Gyroscope.o
                0x000113f4                gyroscopeSensorInit
 .text.printInertialData
                0x000114e8      0x158 C:/XDK-Workbench/workspace/StreamSensorDataOverUsb/debug/objects/InertialSensor.o
 .text.inertialSensorInit
                0x00011640      0x108 C:/XDK-Workbench/workspace/StreamSensorDataOverUsb/debug/objects/InertialSensor.o
                0x00011640                inertialSensorInit
 .text.appDeferredISRCallback
                0x00011748       0x44 C:/XDK-Workbench/workspace/StreamSensorDataOverUsb/debug/objects/LightSensor.o
 .text.realTimeISRCallback
                0x0001178c       0x58 C:/XDK-Workbench/workspace/StreamSensorDataOverUsb/debug/objects/LightSensor.o
 .text.driverDeferredISRCallback
                0x000117e4       0x20 C:/XDK-Workbench/workspace/StreamSensorDataOverUsb/debug/objects/LightSensor.o
 .text.switchCallback
                0x00011804       0x78 C:/XDK-Workbench/workspace/StreamSensorDataOverUsb/debug/objects/LightSensor.o
 .text.printLightSensorData
                0x0001187c      0x10c C:/XDK-Workbench/workspace/StreamSensorDataOverUsb/debug/objects/LightSensor.o
                0x0001187c                printLightSensorData
 .text.lightsensorInit
                0x00011988      0x164 C:/XDK-Workbench/workspace/StreamSensorDataOverUsb/debug/objects/LightSensor.o
                0x00011988                lightsensorInit
 .text.printMagneticData
                0x00011aec       0xac C:/XDK-Workbench/workspace/StreamSensorDataOverUsb/debug/objects/Magnetometer.o
                0x00011aec                printMagneticData
 .text.magnetometerSensorInit
                0x00011b98       0xe8 C:/XDK-Workbench/workspace/StreamSensorDataOverUsb/debug/objects/Magnetometer.o
                0x00011b98                magnetometerSensorInit
 .text.printEnvData
                0x00011c80       0xb8 C:/XDK-Workbench/workspace/StreamSensorDataOverUsb/debug/objects/EnvironmentalSensor.o
 .text.environmentalSensorInit
                0x00011d38       0xf4 C:/XDK-Workbench/workspace/StreamSensorDataOverUsb/debug/objects/EnvironmentalSensor.o
                0x00011d38                environmentalSensorInit
 .text          0x00011e2c       0x98 C:/XDK-Workbench/workspace/StreamSensorDataOverUsb/debug/objects/startup_efm32gg.o
                0x00011e2c                Reset_Handler
                0x00011e60                Default_Handler
                0x00011e62                NMI_Handler
                0x00011e64                HardFault_Handler
                0x00011e66                MemManage_Handler
                0x00011e68                BusFault_Handler
                0x00011e6a                UsageFault_Handler
                0x00011e6e                DebugMon_Handler
                0x00011e72                SysTick_Handler
                0x00011e74                DMA_IRQHandler
                0x00011e7e                ACMP0_IRQHandler
                0x00011e82                ADC0_IRQHandler
                0x00011e84                DAC0_IRQHandler
                0x00011e8c                TIMER1_IRQHandler
                0x00011e8e                TIMER2_IRQHandler
                0x00011e90                TIMER3_IRQHandler
                0x00011e96                LESENSE_IRQHandler
                0x00011ea8                LETIMER0_IRQHandler
                0x00011eaa                PCNT0_IRQHandler
                0x00011eac                PCNT1_IRQHandler
                0x00011eae                PCNT2_IRQHandler
                0x00011eb2                BURTC_IRQHandler
                0x00011eb4                CMU_IRQHandler
                0x00011eb6                VCMP_IRQHandler
                0x00011eb8                LCD_IRQHandler
                0x00011eba                MSC_IRQHandler
                0x00011ebc                AES_IRQHandler
                0x00011ebe                EBI_IRQHandler
                0x00011ec0                EMU_IRQHandler
 .text.Retcode_getPackage
                0x00011ec4       0x1c ./../Platform/Sensors/debug/libSensors_efm32_debug.a(Environmental.o)
 .text.bme280LibErrorMapping
                0x00011ee0       0x48 ./../Platform/Sensors/debug/libSensors_efm32_debug.a(Environmental.o)
 .text.Environmental_init
                0x00011f28       0xa4 ./../Platform/Sensors/debug/libSensors_efm32_debug.a(Environmental.o)
                0x00011f28                Environmental_init
 .text.Environmental_readData
                0x00011fcc       0xe0 ./../Platform/Sensors/debug/libSensors_efm32_debug.a(Environmental.o)
                0x00011fcc                Environmental_readData
 .text.Environmental_readDataLSB
                0x000120ac       0xb8 ./../Platform/Sensors/debug/libSensors_efm32_debug.a(Environmental.o)
                0x000120ac                Environmental_readDataLSB
 .text.Retcode_getPackage
                0x00012164       0x1c ./../Platform/Sensors/debug/libSensors_efm32_debug.a(Gyroscope.o)
 .text.bmg160LibErrorMapping
                0x00012180       0x48 ./../Platform/Sensors/debug/libSensors_efm32_debug.a(Gyroscope.o)
 .text.BMI160_libErrorMapping
                0x000121c8       0x48 ./../Platform/Sensors/debug/libSensors_efm32_debug.a(Gyroscope.o)
 .text.Gyroscope_init
                0x00012210       0xd0 ./../Platform/Sensors/debug/libSensors_efm32_debug.a(Gyroscope.o)
                0x00012210                Gyroscope_init
 .text.Gyroscope_readXyzValue
                0x000122e0      0x1b4 ./../Platform/Sensors/debug/libSensors_efm32_debug.a(Gyroscope.o)
                0x000122e0                Gyroscope_readXyzValue
 .text.Gyroscope_readXyzDegreeValue
                0x00012494      0x4dc ./../Platform/Sensors/debug/libSensors_efm32_debug.a(Gyroscope.o)
                0x00012494                Gyroscope_readXyzDegreeValue
 .text.Retcode_getPackage
                0x00012970       0x1c ./../Platform/Sensors/debug/libSensors_efm32_debug.a(Accelerometer.o)
 .text.bmaDeferredChannel1Callback
                0x0001298c       0x30 ./../Platform/Sensors/debug/libSensors_efm32_debug.a(Accelerometer.o)
 .text.bmaDeferredChannel2Callback
                0x000129bc       0x30 ./../Platform/Sensors/debug/libSensors_efm32_debug.a(Accelerometer.o)
 .text.bmaChannel1IsrCallback
                0x000129ec       0x64 ./../Platform/Sensors/debug/libSensors_efm32_debug.a(Accelerometer.o)
 .text.bmaChannel2IsrCallback
                0x00012a50       0x64 ./../Platform/Sensors/debug/libSensors_efm32_debug.a(Accelerometer.o)
 .text.bma2x2LibErrorMapping
                0x00012ab4       0x48 ./../Platform/Sensors/debug/libSensors_efm32_debug.a(Accelerometer.o)
 .text.bmi160LibErrorMapping
                0x00012afc       0x48 ./../Platform/Sensors/debug/libSensors_efm32_debug.a(Accelerometer.o)
 .text.Accelerometer_init
                0x00012b44       0xd0 ./../Platform/Sensors/debug/libSensors_efm32_debug.a(Accelerometer.o)
                0x00012b44                Accelerometer_init
 .text.Accelerometer_readXyzLsbValue
                0x00012c14      0x1a4 ./../Platform/Sensors/debug/libSensors_efm32_debug.a(Accelerometer.o)
                0x00012c14                Accelerometer_readXyzLsbValue
 .text.Accelerometer_readXyzGValue
                0x00012db8      0x3a8 ./../Platform/Sensors/debug/libSensors_efm32_debug.a(Accelerometer.o)
                0x00012db8                Accelerometer_readXyzGValue
 .text.Accelerometer_configInterrupt
                0x00013160      0x14c ./../Platform/Sensors/debug/libSensors_efm32_debug.a(Accelerometer.o)
                0x00013160                Accelerometer_configInterrupt
 .text.Accelerometer_regRealTimeCallback
                0x000132ac       0xe8 ./../Platform/Sensors/debug/libSensors_efm32_debug.a(Accelerometer.o)
                0x000132ac                Accelerometer_regRealTimeCallback
 .text.Accelerometer_regDeferredCallback
                0x00013394      0x10c ./../Platform/Sensors/debug/libSensors_efm32_debug.a(Accelerometer.o)
                0x00013394                Accelerometer_regDeferredCallback
 .text.Retcode_getPackage
                0x000134a0       0x1c ./../Platform/Sensors/debug/libSensors_efm32_debug.a(LightSensor.o)
 .text.maxDeferredCallback
                0x000134bc       0x30 ./../Platform/Sensors/debug/libSensors_efm32_debug.a(LightSensor.o)
 .text.maxIsrCallback
                0x000134ec       0x64 ./../Platform/Sensors/debug/libSensors_efm32_debug.a(LightSensor.o)
 .text.mappingEnumForGetFunctions
                0x00013550       0x5c ./../Platform/Sensors/debug/libSensors_efm32_debug.a(LightSensor.o)
 .text.LightSensor_init
                0x000135ac       0xa4 ./../Platform/Sensors/debug/libSensors_efm32_debug.a(LightSensor.o)
                0x000135ac                LightSensor_init
 .text.LightSensor_getInterruptStatus
                0x00013650       0xd8 ./../Platform/Sensors/debug/libSensors_efm32_debug.a(LightSensor.o)
                0x00013650                LightSensor_getInterruptStatus
 .text.LightSensor_readRawData
                0x00013728       0x9c ./../Platform/Sensors/debug/libSensors_efm32_debug.a(LightSensor.o)
                0x00013728                LightSensor_readRawData
 .text.LightSensor_readLuxData
                0x000137c4       0xb8 ./../Platform/Sensors/debug/libSensors_efm32_debug.a(LightSensor.o)
                0x000137c4                LightSensor_readLuxData
 .text.LightSensor_configureThresholdInterrupt
                0x0001387c       0xb8 ./../Platform/Sensors/debug/libSensors_efm32_debug.a(LightSensor.o)
                0x0001387c                LightSensor_configureThresholdInterrupt
 .text.LightSensor_registerRealTimeCallback
                0x00013934       0xb0 ./../Platform/Sensors/debug/libSensors_efm32_debug.a(LightSensor.o)
                0x00013934                LightSensor_registerRealTimeCallback
 .text.LightSensor_registerDeferredCallback
                0x000139e4       0xc4 ./../Platform/Sensors/debug/libSensors_efm32_debug.a(LightSensor.o)
                0x000139e4                LightSensor_registerDeferredCallback
 .text.Retcode_getPackage
                0x00013aa8       0x1c ./../Platform/Sensors/debug/libSensors_efm32_debug.a(Magnetometer.o)
 .text.bmm150LibErrorMapping
                0x00013ac4       0x48 ./../Platform/Sensors/debug/libSensors_efm32_debug.a(Magnetometer.o)
 .text.readMagData
                0x00013b0c       0x80 ./../Platform/Sensors/debug/libSensors_efm32_debug.a(Magnetometer.o)
 .text.Magnetometer_init
                0x00013b8c       0xa4 ./../Platform/Sensors/debug/libSensors_efm32_debug.a(Magnetometer.o)
                0x00013b8c                Magnetometer_init
 .text.Magnetometer_readXyzLsbData
                0x00013c30      0x114 ./../Platform/Sensors/debug/libSensors_efm32_debug.a(Magnetometer.o)
                0x00013c30                Magnetometer_readXyzLsbData
 .text.Magnetometer_readXyzTeslaData
                0x00013d44      0x124 ./../Platform/Sensors/debug/libSensors_efm32_debug.a(Magnetometer.o)
                0x00013d44                Magnetometer_readXyzTeslaData
 .text.Retcode_getPackage
                0x00013e68       0x1c ./../Platform/SensorUtils/debug/libSensorUtils_efm32_debug.a(Bma280Utils.o)
 .text.BITBAND_Peripheral
                0x00013e84       0x30 ./../Platform/SensorUtils/debug/libSensorUtils_efm32_debug.a(Bma280Utils.o)
 .text.GPIO_IntClear
                0x00013eb4       0x20 ./../Platform/SensorUtils/debug/libSensorUtils_efm32_debug.a(Bma280Utils.o)
 .text.GPIO_PinOutSet
                0x00013ed4       0x4c ./../Platform/SensorUtils/debug/libSensorUtils_efm32_debug.a(Bma280Utils.o)
 .text.libErrorMapping
                0x00013f20       0x48 ./../Platform/SensorUtils/debug/libSensorUtils_efm32_debug.a(Bma280Utils.o)
 .text.configureNewDataInterrupt
                0x00013f68       0x70 ./../Platform/SensorUtils/debug/libSensorUtils_efm32_debug.a(Bma280Utils.o)
 .text.configureSlopeInterrupt
                0x00013fd8      0x148 ./../Platform/SensorUtils/debug/libSensorUtils_efm32_debug.a(Bma280Utils.o)
 .text.controlIntrPin
                0x00014120      0x114 ./../Platform/SensorUtils/debug/libSensorUtils_efm32_debug.a(Bma280Utils.o)
 .text.registerCallback
                0x00014234      0x104 ./../Platform/SensorUtils/debug/libSensorUtils_efm32_debug.a(Bma280Utils.o)
 .text.Bma280Utils_initialize
                0x00014338      0x27c ./../Platform/SensorUtils/debug/libSensorUtils_efm32_debug.a(Bma280Utils.o)
                0x00014338                Bma280Utils_initialize
 .text.Bma280Utils_remapAxis
                0x000145b4       0xb0 ./../Platform/SensorUtils/debug/libSensorUtils_efm32_debug.a(Bma280Utils.o)
                0x000145b4                Bma280Utils_remapAxis
 .text.Bma280Utils_configInterrupt
                0x00014664      0x168 ./../Platform/SensorUtils/debug/libSensorUtils_efm32_debug.a(Bma280Utils.o)
                0x00014664                Bma280Utils_configInterrupt
 .text.AxisRemap_remapSensorData
                0x000147cc      0x184 ./../Platform/SensorUtils/debug/libSensorUtils_efm32_debug.a(AxisRemap.o)
                0x000147cc                AxisRemap_remapSensorData
 .text.Retcode_getPackage
                0x00014950       0x1c ./../Platform/SensorUtils/debug/libSensorUtils_efm32_debug.a(Bmi160Utils.o)
 .text.GPIO_PinOutSet
                0x0001496c       0x4c ./../Platform/SensorUtils/debug/libSensorUtils_efm32_debug.a(Bmi160Utils.o)
 .text.libErrorMapping
                0x000149b8       0x48 ./../Platform/SensorUtils/debug/libSensorUtils_efm32_debug.a(Bmi160Utils.o)
 .text.Bmi160Utils_initialize
                0x00014a00      0x294 ./../Platform/SensorUtils/debug/libSensorUtils_efm32_debug.a(Bmi160Utils.o)
                0x00014a00                Bmi160Utils_initialize
 .text.Bmi160Utils_remapAxis
                0x00014c94       0xb0 ./../Platform/SensorUtils/debug/libSensorUtils_efm32_debug.a(Bmi160Utils.o)
                0x00014c94                Bmi160Utils_remapAxis
 .text.Retcode_getPackage
                0x00014d44       0x1c ./../Platform/SensorUtils/debug/libSensorUtils_efm32_debug.a(Bmg160Utils.o)
 .text.GPIO_PinOutSet
                0x00014d60       0x4c ./../Platform/SensorUtils/debug/libSensorUtils_efm32_debug.a(Bmg160Utils.o)
 .text.libErrorMapping
                0x00014dac       0x48 ./../Platform/SensorUtils/debug/libSensorUtils_efm32_debug.a(Bmg160Utils.o)
 .text.Bmg160Utils_initialize
                0x00014df4      0x25c ./../Platform/SensorUtils/debug/libSensorUtils_efm32_debug.a(Bmg160Utils.o)
                0x00014df4                Bmg160Utils_initialize
 .text.Bmg160Utils_remapAxis
                0x00015050       0xb0 ./../Platform/SensorUtils/debug/libSensorUtils_efm32_debug.a(Bmg160Utils.o)
                0x00015050                Bmg160Utils_remapAxis
 .text.Retcode_getPackage
                0x00015100       0x1c ./../Platform/SensorUtils/debug/libSensorUtils_efm32_debug.a(Bme280Utils.o)
 .text.GPIO_PinOutSet
                0x0001511c       0x4c ./../Platform/SensorUtils/debug/libSensorUtils_efm32_debug.a(Bme280Utils.o)
 .text.libErrorMapping
                0x00015168       0x48 ./../Platform/SensorUtils/debug/libSensorUtils_efm32_debug.a(Bme280Utils.o)
 .text.Bme280Utils_initialize
                0x000151b0      0x20c ./../Platform/SensorUtils/debug/libSensorUtils_efm32_debug.a(Bme280Utils.o)
                0x000151b0                Bme280Utils_initialize
 .text.Retcode_getPackage
                0x000153bc       0x1c ./../Platform/SensorUtils/debug/libSensorUtils_efm32_debug.a(Bmm150Utils.o)
 .text.GPIO_PinOutSet
                0x000153d8       0x4c ./../Platform/SensorUtils/debug/libSensorUtils_efm32_debug.a(Bmm150Utils.o)
 .text.libErrorMapping
                0x00015424       0x48 ./../Platform/SensorUtils/debug/libSensorUtils_efm32_debug.a(Bmm150Utils.o)
 .text.Bmm150Utils_initialize
                0x0001546c      0x1bc ./../Platform/SensorUtils/debug/libSensorUtils_efm32_debug.a(Bmm150Utils.o)
                0x0001546c                Bmm150Utils_initialize
 .text.Bmm150Utils_remapAxis
                0x00015628       0xb0 ./../Platform/SensorUtils/debug/libSensorUtils_efm32_debug.a(Bmm150Utils.o)
                0x00015628                Bmm150Utils_remapAxis
 .text.Retcode_getPackage
                0x000156d8       0x1c ./../Platform/SensorUtils/debug/libSensorUtils_efm32_debug.a(Max44009Utils.o)
 .text.BITBAND_Peripheral
                0x000156f4       0x30 ./../Platform/SensorUtils/debug/libSensorUtils_efm32_debug.a(Max44009Utils.o)
 .text.GPIO_IntClear
                0x00015724       0x20 ./../Platform/SensorUtils/debug/libSensorUtils_efm32_debug.a(Max44009Utils.o)
 .text.GPIO_PinOutSet
                0x00015744       0x4c ./../Platform/SensorUtils/debug/libSensorUtils_efm32_debug.a(Max44009Utils.o)
 .text.libErrorMapping
                0x00015790       0x40 ./../Platform/SensorUtils/debug/libSensorUtils_efm32_debug.a(Max44009Utils.o)
 .text.controlIntrPin
                0x000157d0       0x98 ./../Platform/SensorUtils/debug/libSensorUtils_efm32_debug.a(Max44009Utils.o)
 .text.configureThresholdInterrupt
                0x00015868       0x78 ./../Platform/SensorUtils/debug/libSensorUtils_efm32_debug.a(Max44009Utils.o)
 .text.registerCallback
                0x000158e0       0x9c ./../Platform/SensorUtils/debug/libSensorUtils_efm32_debug.a(Max44009Utils.o)
 .text.Max44009Utils_initialize
                0x0001597c      0x238 ./../Platform/SensorUtils/debug/libSensorUtils_efm32_debug.a(Max44009Utils.o)
                0x0001597c                Max44009Utils_initialize
 .text.Max44009Utils_configInterrupt
                0x00015bb4       0xc0 ./../Platform/SensorUtils/debug/libSensorUtils_efm32_debug.a(Max44009Utils.o)
                0x00015bb4                Max44009Utils_configInterrupt
 .text.xQueueGenericReset
                0x00015c74       0xc8 ./../Libraries/FreeRTOS/FreeRTOS/../BCDS_Customization/debug/libFreeRTOS_efm32_debug.a(queue.o)
                0x00015c74                xQueueGenericReset
 .text.xQueueGenericCreate
                0x00015d3c       0x90 ./../Libraries/FreeRTOS/FreeRTOS/../BCDS_Customization/debug/libFreeRTOS_efm32_debug.a(queue.o)
                0x00015d3c                xQueueGenericCreate
 .text.xQueueGenericSend
                0x00015dcc      0x19c ./../Libraries/FreeRTOS/FreeRTOS/../BCDS_Customization/debug/libFreeRTOS_efm32_debug.a(queue.o)
                0x00015dcc                xQueueGenericSend
 .text.xQueueGenericSendFromISR
                0x00015f68       0xec ./../Libraries/FreeRTOS/FreeRTOS/../BCDS_Customization/debug/libFreeRTOS_efm32_debug.a(queue.o)
                0x00015f68                xQueueGenericSendFromISR
 .text.xQueueGenericReceive
                0x00016054      0x1e0 ./../Libraries/FreeRTOS/FreeRTOS/../BCDS_Customization/debug/libFreeRTOS_efm32_debug.a(queue.o)
                0x00016054                xQueueGenericReceive
 .text.xQueueReceiveFromISR
                0x00016234       0xcc ./../Libraries/FreeRTOS/FreeRTOS/../BCDS_Customization/debug/libFreeRTOS_efm32_debug.a(queue.o)
                0x00016234                xQueueReceiveFromISR
 .text.prvCopyDataToQueue
                0x00016300       0xdc ./../Libraries/FreeRTOS/FreeRTOS/../BCDS_Customization/debug/libFreeRTOS_efm32_debug.a(queue.o)
 .text.prvCopyDataFromQueue
                0x000163dc       0x50 ./../Libraries/FreeRTOS/FreeRTOS/../BCDS_Customization/debug/libFreeRTOS_efm32_debug.a(queue.o)
 .text.prvUnlockQueue
                0x0001642c       0xa0 ./../Libraries/FreeRTOS/FreeRTOS/../BCDS_Customization/debug/libFreeRTOS_efm32_debug.a(queue.o)
 .text.prvIsQueueEmpty
                0x000164cc       0x34 ./../Libraries/FreeRTOS/FreeRTOS/../BCDS_Customization/debug/libFreeRTOS_efm32_debug.a(queue.o)
 .text.prvIsQueueFull
                0x00016500       0x38 ./../Libraries/FreeRTOS/FreeRTOS/../BCDS_Customization/debug/libFreeRTOS_efm32_debug.a(queue.o)
 .text.vQueueAddToRegistry
                0x00016538       0x64 ./../Libraries/FreeRTOS/FreeRTOS/../BCDS_Customization/debug/libFreeRTOS_efm32_debug.a(queue.o)
                0x00016538                vQueueAddToRegistry
 .text.vQueueWaitForMessageRestricted
                0x0001659c       0x60 ./../Libraries/FreeRTOS/FreeRTOS/../BCDS_Customization/debug/libFreeRTOS_efm32_debug.a(queue.o)
                0x0001659c                vQueueWaitForMessageRestricted
 .text.xTaskGenericCreate
                0x000165fc      0x1d0 ./../Libraries/FreeRTOS/FreeRTOS/../BCDS_Customization/debug/libFreeRTOS_efm32_debug.a(tasks.o)
                0x000165fc                xTaskGenericCreate
 .text.vTaskDelay
                0x000167cc       0x78 ./../Libraries/FreeRTOS/FreeRTOS/../BCDS_Customization/debug/libFreeRTOS_efm32_debug.a(tasks.o)
                0x000167cc                vTaskDelay
 .text.vTaskStartScheduler
                0x00016844       0x94 ./../Libraries/FreeRTOS/FreeRTOS/../BCDS_Customization/debug/libFreeRTOS_efm32_debug.a(tasks.o)
                0x00016844                vTaskStartScheduler
 .text.vTaskSuspendAll
                0x000168d8       0x24 ./../Libraries/FreeRTOS/FreeRTOS/../BCDS_Customization/debug/libFreeRTOS_efm32_debug.a(tasks.o)
                0x000168d8                vTaskSuspendAll
 .text.xTaskResumeAll
                0x000168fc      0x17c ./../Libraries/FreeRTOS/FreeRTOS/../BCDS_Customization/debug/libFreeRTOS_efm32_debug.a(tasks.o)
                0x000168fc                xTaskResumeAll
 .text.xTaskGetTickCount
                0x00016a78       0x28 ./../Libraries/FreeRTOS/FreeRTOS/../BCDS_Customization/debug/libFreeRTOS_efm32_debug.a(tasks.o)
                0x00016a78                xTaskGetTickCount
 .text.xTaskIncrementTick
                0x00016aa0      0x208 ./../Libraries/FreeRTOS/FreeRTOS/../BCDS_Customization/debug/libFreeRTOS_efm32_debug.a(tasks.o)
                0x00016aa0                xTaskIncrementTick
 .text.vTaskSwitchContext
                0x00016ca8      0x16c ./../Libraries/FreeRTOS/FreeRTOS/../BCDS_Customization/debug/libFreeRTOS_efm32_debug.a(tasks.o)
                0x00016ca8                vTaskSwitchContext
 .text.vTaskPlaceOnEventList
                0x00016e14       0x90 ./../Libraries/FreeRTOS/FreeRTOS/../BCDS_Customization/debug/libFreeRTOS_efm32_debug.a(tasks.o)
                0x00016e14                vTaskPlaceOnEventList
 .text.vTaskPlaceOnEventListRestricted
                0x00016ea4       0x68 ./../Libraries/FreeRTOS/FreeRTOS/../BCDS_Customization/debug/libFreeRTOS_efm32_debug.a(tasks.o)
                0x00016ea4                vTaskPlaceOnEventListRestricted
 .text.xTaskRemoveFromEventList
                0x00016f0c       0xe8 ./../Libraries/FreeRTOS/FreeRTOS/../BCDS_Customization/debug/libFreeRTOS_efm32_debug.a(tasks.o)
                0x00016f0c                xTaskRemoveFromEventList
 .text.vTaskSetTimeOutState
                0x00016ff4       0x44 ./../Libraries/FreeRTOS/FreeRTOS/../BCDS_Customization/debug/libFreeRTOS_efm32_debug.a(tasks.o)
                0x00016ff4                vTaskSetTimeOutState
 .text.xTaskCheckForTimeOut
                0x00017038       0xc4 ./../Libraries/FreeRTOS/FreeRTOS/../BCDS_Customization/debug/libFreeRTOS_efm32_debug.a(tasks.o)
                0x00017038                xTaskCheckForTimeOut
 .text.vTaskMissedYield
                0x000170fc       0x18 ./../Libraries/FreeRTOS/FreeRTOS/../BCDS_Customization/debug/libFreeRTOS_efm32_debug.a(tasks.o)
                0x000170fc                vTaskMissedYield
 .text.prvIdleTask
                0x00017114       0x10 ./../Libraries/FreeRTOS/FreeRTOS/../BCDS_Customization/debug/libFreeRTOS_efm32_debug.a(tasks.o)
 .text.prvInitialiseTCBVariables
                0x00017124       0xa0 ./../Libraries/FreeRTOS/FreeRTOS/../BCDS_Customization/debug/libFreeRTOS_efm32_debug.a(tasks.o)
 .text.prvInitialiseTaskLists
                0x000171c4       0xa4 ./../Libraries/FreeRTOS/FreeRTOS/../BCDS_Customization/debug/libFreeRTOS_efm32_debug.a(tasks.o)
 .text.prvCheckTasksWaitingTermination
                0x00017268       0x9c ./../Libraries/FreeRTOS/FreeRTOS/../BCDS_Customization/debug/libFreeRTOS_efm32_debug.a(tasks.o)
 .text.prvAddCurrentTaskToDelayedList
                0x00017304       0x8c ./../Libraries/FreeRTOS/FreeRTOS/../BCDS_Customization/debug/libFreeRTOS_efm32_debug.a(tasks.o)
 .text.prvAllocateTCBAndStack
                0x00017390       0x70 ./../Libraries/FreeRTOS/FreeRTOS/../BCDS_Customization/debug/libFreeRTOS_efm32_debug.a(tasks.o)
 .text.prvDeleteTCB
                0x00017400       0x20 ./../Libraries/FreeRTOS/FreeRTOS/../BCDS_Customization/debug/libFreeRTOS_efm32_debug.a(tasks.o)
 .text.prvResetNextTaskUnblockTime
                0x00017420       0x5c ./../Libraries/FreeRTOS/FreeRTOS/../BCDS_Customization/debug/libFreeRTOS_efm32_debug.a(tasks.o)
 .text.xTaskGetCurrentTaskHandle
                0x0001747c       0x20 ./../Libraries/FreeRTOS/FreeRTOS/../BCDS_Customization/debug/libFreeRTOS_efm32_debug.a(tasks.o)
                0x0001747c                xTaskGetCurrentTaskHandle
 .text.xTaskGetSchedulerState
                0x0001749c       0x48 ./../Libraries/FreeRTOS/FreeRTOS/../BCDS_Customization/debug/libFreeRTOS_efm32_debug.a(tasks.o)
                0x0001749c                xTaskGetSchedulerState
 .text.vTaskPriorityInherit
                0x000174e4       0xf0 ./../Libraries/FreeRTOS/FreeRTOS/../BCDS_Customization/debug/libFreeRTOS_efm32_debug.a(tasks.o)
                0x000174e4                vTaskPriorityInherit
 .text.vTaskPriorityDisinherit
                0x000175d4       0x98 ./../Libraries/FreeRTOS/FreeRTOS/../BCDS_Customization/debug/libFreeRTOS_efm32_debug.a(tasks.o)
                0x000175d4                vTaskPriorityDisinherit
 .text.xTimerCreateTimerTask
                0x0001766c       0x78 ./../Libraries/FreeRTOS/FreeRTOS/../BCDS_Customization/debug/libFreeRTOS_efm32_debug.a(timers.o)
                0x0001766c                xTimerCreateTimerTask
 .text.xTimerCreate
                0x000176e4       0x7c ./../Libraries/FreeRTOS/FreeRTOS/../BCDS_Customization/debug/libFreeRTOS_efm32_debug.a(timers.o)
                0x000176e4                xTimerCreate
 .text.xTimerGenericCommand
                0x00017760       0xac ./../Libraries/FreeRTOS/FreeRTOS/../BCDS_Customization/debug/libFreeRTOS_efm32_debug.a(timers.o)
                0x00017760                xTimerGenericCommand
 .text.prvProcessExpiredTimer
                0x0001780c       0x88 ./../Libraries/FreeRTOS/FreeRTOS/../BCDS_Customization/debug/libFreeRTOS_efm32_debug.a(timers.o)
 .text.prvTimerTask
                0x00017894       0x24 ./../Libraries/FreeRTOS/FreeRTOS/../BCDS_Customization/debug/libFreeRTOS_efm32_debug.a(timers.o)
 .text.prvProcessTimerOrBlockTask
                0x000178b8       0x74 ./../Libraries/FreeRTOS/FreeRTOS/../BCDS_Customization/debug/libFreeRTOS_efm32_debug.a(timers.o)
 .text.prvGetNextExpireTime
                0x0001792c       0x54 ./../Libraries/FreeRTOS/FreeRTOS/../BCDS_Customization/debug/libFreeRTOS_efm32_debug.a(timers.o)
 .text.prvSampleTimeNow
                0x00017980       0x4c ./../Libraries/FreeRTOS/FreeRTOS/../BCDS_Customization/debug/libFreeRTOS_efm32_debug.a(timers.o)
 .text.prvInsertTimerInActiveList
                0x000179cc       0x94 ./../Libraries/FreeRTOS/FreeRTOS/../BCDS_Customization/debug/libFreeRTOS_efm32_debug.a(timers.o)
 .text.prvProcessReceivedCommands
                0x00017a60      0x174 ./../Libraries/FreeRTOS/FreeRTOS/../BCDS_Customization/debug/libFreeRTOS_efm32_debug.a(timers.o)
 .text.prvSwitchTimerLists
                0x00017bd4       0xf0 ./../Libraries/FreeRTOS/FreeRTOS/../BCDS_Customization/debug/libFreeRTOS_efm32_debug.a(timers.o)
 .text.prvCheckForValidListAndQueue
                0x00017cc4       0xb8 ./../Libraries/FreeRTOS/FreeRTOS/../BCDS_Customization/debug/libFreeRTOS_efm32_debug.a(timers.o)
 .text.xTimerPendFunctionCallFromISR
                0x00017d7c       0x4c ./../Libraries/FreeRTOS/FreeRTOS/../BCDS_Customization/debug/libFreeRTOS_efm32_debug.a(timers.o)
                0x00017d7c                xTimerPendFunctionCallFromISR
 .text.pvPortMalloc
                0x00017dc8      0x188 ./../Libraries/FreeRTOS/FreeRTOS/../BCDS_Customization/debug/libFreeRTOS_efm32_debug.a(heap_4.o)
                0x00017dc8                pvPortMalloc
 .text.vPortFree
                0x00017f50       0xcc ./../Libraries/FreeRTOS/FreeRTOS/../BCDS_Customization/debug/libFreeRTOS_efm32_debug.a(heap_4.o)
                0x00017f50                vPortFree
 .text.prvHeapInit
                0x0001801c      0x100 ./../Libraries/FreeRTOS/FreeRTOS/../BCDS_Customization/debug/libFreeRTOS_efm32_debug.a(heap_4.o)
 .text.prvInsertBlockIntoFreeList
                0x0001811c       0xbc ./../Libraries/FreeRTOS/FreeRTOS/../BCDS_Customization/debug/libFreeRTOS_efm32_debug.a(heap_4.o)
 .text.pxPortInitialiseStack
                0x000181d8       0x64 ./../Libraries/FreeRTOS/FreeRTOS/../BCDS_Customization/debug/libFreeRTOS_efm32_debug.a(port.o)
                0x000181d8                pxPortInitialiseStack
 .text.prvTaskExitError
                0x0001823c       0x2c ./../Libraries/FreeRTOS/FreeRTOS/../BCDS_Customization/debug/libFreeRTOS_efm32_debug.a(port.o)
 .text.SVC_Handler
                0x00018268       0x24 ./../Libraries/FreeRTOS/FreeRTOS/../BCDS_Customization/debug/libFreeRTOS_efm32_debug.a(port.o)
                0x00018268                SVC_Handler
 .text.prvPortStartFirstTask
                0x0001828c       0x1c ./../Libraries/FreeRTOS/FreeRTOS/../BCDS_Customization/debug/libFreeRTOS_efm32_debug.a(port.o)
 .text.xPortStartScheduler
                0x000182a8      0x10c ./../Libraries/FreeRTOS/FreeRTOS/../BCDS_Customization/debug/libFreeRTOS_efm32_debug.a(port.o)
                0x000182a8                xPortStartScheduler
 .text.vPortYield
                0x000183b4       0x20 ./../Libraries/FreeRTOS/FreeRTOS/../BCDS_Customization/debug/libFreeRTOS_efm32_debug.a(port.o)
                0x000183b4                vPortYield
 .text.vPortEnterCritical
                0x000183d4       0x2c ./../Libraries/FreeRTOS/FreeRTOS/../BCDS_Customization/debug/libFreeRTOS_efm32_debug.a(port.o)
                0x000183d4                vPortEnterCritical
 .text.vPortExitCritical
                0x00018400       0x54 ./../Libraries/FreeRTOS/FreeRTOS/../BCDS_Customization/debug/libFreeRTOS_efm32_debug.a(port.o)
                0x00018400                vPortExitCritical
 .text.ulPortSetInterruptMask
                0x00018454       0x14 ./../Libraries/FreeRTOS/FreeRTOS/../BCDS_Customization/debug/libFreeRTOS_efm32_debug.a(port.o)
                0x00018454                ulPortSetInterruptMask
 .text.vPortClearInterruptMask
                0x00018468        0x8 ./../Libraries/FreeRTOS/FreeRTOS/../BCDS_Customization/debug/libFreeRTOS_efm32_debug.a(port.o)
                0x00018468                vPortClearInterruptMask
 .text.PendSV_Handler
                0x00018470       0x44 ./../Libraries/FreeRTOS/FreeRTOS/../BCDS_Customization/debug/libFreeRTOS_efm32_debug.a(port.o)
                0x00018470                PendSV_Handler
 .text.vPortValidateInterruptPriority
                0x000184b4       0x78 ./../Libraries/FreeRTOS/FreeRTOS/../BCDS_Customization/debug/libFreeRTOS_efm32_debug.a(port.o)
                0x000184b4                vPortValidateInterruptPriority
 .text.vListInitialise
                0x0001852c       0x40 ./../Libraries/FreeRTOS/FreeRTOS/../BCDS_Customization/debug/libFreeRTOS_efm32_debug.a(list.o)
                0x0001852c                vListInitialise
 .text.vListInitialiseItem
                0x0001856c       0x1c ./../Libraries/FreeRTOS/FreeRTOS/../BCDS_Customization/debug/libFreeRTOS_efm32_debug.a(list.o)
                0x0001856c                vListInitialiseItem
 .text.vListInsertEnd
                0x00018588       0x48 ./../Libraries/FreeRTOS/FreeRTOS/../BCDS_Customization/debug/libFreeRTOS_efm32_debug.a(list.o)
                0x00018588                vListInsertEnd
 .text.vListInsert
                0x000185d0       0x74 ./../Libraries/FreeRTOS/FreeRTOS/../BCDS_Customization/debug/libFreeRTOS_efm32_debug.a(list.o)
                0x000185d0                vListInsert
 .text.uxListRemove
                0x00018644       0x58 ./../Libraries/FreeRTOS/FreeRTOS/../BCDS_Customization/debug/libFreeRTOS_efm32_debug.a(list.o)
                0x00018644                uxListRemove
 .text.I2C_init
                0x0001869c      0x100 ./../Platform/Peripherals/debug/libPeripherals_efm32_debug.a(I2C_cc.o)
                0x0001869c                I2C_init
 .text.I2C_delayFunction
                0x0001879c       0x54 ./../Platform/Peripherals/debug/libPeripherals_efm32_debug.a(I2C_cc.o)
                0x0001879c                I2C_delayFunction
 .text.I2C_i2cDecodeCallbackFunction
                0x000187f0      0x1b8 ./../Platform/Peripherals/debug/libPeripherals_efm32_debug.a(I2C_cc.o)
                0x000187f0                I2C_i2cDecodeCallbackFunction
 .text.I2C_busWriteChannel0
                0x000189a8       0xcc ./../Platform/Peripherals/debug/libPeripherals_efm32_debug.a(I2C_cc.o)
                0x000189a8                I2C_busWriteChannel0
 .text.I2C_busWriteChannel1
                0x00018a74       0xcc ./../Platform/Peripherals/debug/libPeripherals_efm32_debug.a(I2C_cc.o)
                0x00018a74                I2C_busWriteChannel1
 .text.I2C_busReadChannel0
                0x00018b40      0x100 ./../Platform/Peripherals/debug/libPeripherals_efm32_debug.a(I2C_cc.o)
                0x00018b40                I2C_busReadChannel0
 .text.I2C_busReadChannel1
                0x00018c40      0x100 ./../Platform/Peripherals/debug/libPeripherals_efm32_debug.a(I2C_cc.o)
                0x00018c40                I2C_busReadChannel1
 .text.SID_init
                0x00018d40       0xc4 ./../Platform/Peripherals/debug/libPeripherals_efm32_debug.a(SID_serialDriverInf_cc.o)
                0x00018d40                SID_init
 .text.SID_send
                0x00018e04       0x9c ./../Platform/Peripherals/debug/libPeripherals_efm32_debug.a(SID_serialDriverInf_cc.o)
                0x00018e04                SID_send
 .text.NVIC_EnableIRQ
                0x00018ea0       0x38 ./../Platform/Peripherals/debug/libPeripherals_efm32_debug.a(I2C_efm32Driver_cc.o)
 .text.NVIC_ClearPendingIRQ
                0x00018ed8       0x3c ./../Platform/Peripherals/debug/libPeripherals_efm32_debug.a(I2C_efm32Driver_cc.o)
 .text.I2C_initCtrSpecific
                0x00018f14      0x114 ./../Platform/Peripherals/debug/libPeripherals_efm32_debug.a(I2C_efm32Driver_cc.o)
                0x00018f14                I2C_initCtrSpecific
 .text.I2C_startTransfer
                0x00019028       0xac ./../Platform/Peripherals/debug/libPeripherals_efm32_debug.a(I2C_efm32Driver_cc.o)
                0x00019028                I2C_startTransfer
 .text.I2C0_IRQHandler
                0x000190d4      0x3b4 ./../Platform/Peripherals/debug/libPeripherals_efm32_debug.a(I2C_efm32Driver_cc.o)
                0x000190d4                I2C0_IRQHandler
 .text.I2C1_IRQHandler
                0x00019488      0x3b4 ./../Platform/Peripherals/debug/libPeripherals_efm32_debug.a(I2C_efm32Driver_cc.o)
                0x00019488                I2C1_IRQHandler
 .text.I2C_triggerTransfer
                0x0001983c       0xc4 ./../Platform/Peripherals/debug/libPeripherals_efm32_debug.a(I2C_efm32Driver_cc.o)
                0x0001983c                I2C_triggerTransfer
 .text.I2C_triggerNextI2CTransfer
                0x00019900      0x138 ./../Platform/Peripherals/debug/libPeripherals_efm32_debug.a(I2C_efm32Driver_cc.o)
                0x00019900                I2C_triggerNextI2CTransfer
 .text.I2C_isTransferCompleted
                0x00019a38       0x34 ./../Platform/Peripherals/debug/libPeripherals_efm32_debug.a(I2C_efm32Driver_cc.o)
                0x00019a38                I2C_isTransferCompleted
 .text.I2C_getStatus
                0x00019a6c       0x18 ./../Platform/Peripherals/debug/libPeripherals_efm32_debug.a(I2C_efm32Driver_cc.o)
                0x00019a6c                I2C_getStatus
 .text.NVIC_EnableIRQ
                0x00019a84       0x38 ./../Platform/Peripherals/debug/libPeripherals_efm32_debug.a(PTD_portDriver_cc.o)
 .text.NVIC_ClearPendingIRQ
                0x00019abc       0x3c ./../Platform/Peripherals/debug/libPeripherals_efm32_debug.a(PTD_portDriver_cc.o)
 .text.BITBAND_Peripheral
                0x00019af8       0x30 ./../Platform/Peripherals/debug/libPeripherals_efm32_debug.a(PTD_portDriver_cc.o)
 .text.GPIO_IntClear
                0x00019b28       0x20 ./../Platform/Peripherals/debug/libPeripherals_efm32_debug.a(PTD_portDriver_cc.o)
 .text.PTD_checkEvenPinConfigured
                0x00019b48       0xd8 ./../Platform/Peripherals/debug/libPeripherals_efm32_debug.a(PTD_portDriver_cc.o)
 .text.PTD_checkOddPinConfigured
                0x00019c20       0xd8 ./../Platform/Peripherals/debug/libPeripherals_efm32_debug.a(PTD_portDriver_cc.o)
 .text.PTD_portInit
                0x00019cf8       0x18 ./../Platform/Peripherals/debug/libPeripherals_efm32_debug.a(PTD_portDriver_cc.o)
                0x00019cf8                PTD_portInit
 .text.PTD_portInteruptConfig
                0x00019d10       0x28 ./../Platform/Peripherals/debug/libPeripherals_efm32_debug.a(PTD_portDriver_cc.o)
                0x00019d10                PTD_portInteruptConfig
 .text.PTD_setInterruptPinCount
                0x00019d38       0xf0 ./../Platform/Peripherals/debug/libPeripherals_efm32_debug.a(PTD_portDriver_cc.o)
                0x00019d38                PTD_setInterruptPinCount
 .text.PTD_intConfig
                0x00019e28      0x220 ./../Platform/Peripherals/debug/libPeripherals_efm32_debug.a(PTD_portDriver_cc.o)
                0x00019e28                PTD_intConfig
 .text.PTD_interruptSwitchCallback
                0x0001a048      0x1d4 ./../Platform/Peripherals/debug/libPeripherals_efm32_debug.a(PTD_portDriver_cc.o)
                0x0001a048                PTD_interruptSwitchCallback
 .text.GPIO_ODD_IRQHandler
                0x0001a21c       0x98 ./../Platform/Peripherals/debug/libPeripherals_efm32_debug.a(PTD_portDriver_cc.o)
                0x0001a21c                GPIO_ODD_IRQHandler
 .text.GPIO_EVEN_IRQHandler
                0x0001a2b4       0x98 ./../Platform/Peripherals/debug/libPeripherals_efm32_debug.a(PTD_portDriver_cc.o)
                0x0001a2b4                GPIO_EVEN_IRQHandler
 .text.USB_setSerialNumber
                0x0001a34c       0x7c ./../Platform/Peripherals/debug/libPeripherals_efm32_debug.a(USB_cc.o)
 .text.USB_dataReceivedCallback
                0x0001a3c8       0x98 ./../Platform/Peripherals/debug/libPeripherals_efm32_debug.a(USB_cc.o)
 .text.USB_dataTransferred
                0x0001a460       0x4c ./../Platform/Peripherals/debug/libPeripherals_efm32_debug.a(USB_cc.o)
 .text.USB_stateChange
                0x0001a4ac       0x58 ./../Platform/Peripherals/debug/libPeripherals_efm32_debug.a(USB_cc.o)
                0x0001a4ac                USB_stateChange
 .text.USB_setupCommand
                0x0001a504      0x108 ./../Platform/Peripherals/debug/libPeripherals_efm32_debug.a(USB_cc.o)
                0x0001a504                USB_setupCommand
 .text.USB_init
                0x0001a60c       0xd0 ./../Platform/Peripherals/debug/libPeripherals_efm32_debug.a(USB_cc.o)
                0x0001a60c                USB_init
 .text.USB_receiveByte
                0x0001a6dc       0xa0 ./../Platform/Peripherals/debug/libPeripherals_efm32_debug.a(USB_cc.o)
                0x0001a6dc                USB_receiveByte
 .text.RETARGET_WriteChar
                0x0001a77c       0x2c ./../Platform/Peripherals/debug/libPeripherals_efm32_debug.a(USB_cc.o)
                0x0001a77c                RETARGET_WriteChar
 .text.USB_transmitData
                0x0001a7a8       0xc4 ./../Platform/Peripherals/debug/libPeripherals_efm32_debug.a(USB_cc.o)
                0x0001a7a8                USB_transmitData
 .text.RETARGET_ReadChar
                0x0001a86c       0x24 ./../Platform/Peripherals/debug/libPeripherals_efm32_debug.a(USB_cc.o)
                0x0001a86c                RETARGET_ReadChar
 .text.USB_callBackMapping
                0x0001a890       0x38 ./../Platform/Peripherals/debug/libPeripherals_efm32_debug.a(USB_cc.o)
                0x0001a890                USB_callBackMapping
 .text.BITBAND_Peripheral
                0x0001a8c8       0x30 ./../Libraries/EMlib/EMLib/../BCDS_Customization/debug/libEMLib_efm32_debug.a(em_cmu.o)
 .text.CMU_MaxFreqHfle
                0x0001a8f8       0xb8 ./../Libraries/EMlib/EMLib/../BCDS_Customization/debug/libEMLib_efm32_debug.a(em_cmu.o)
 .text.CMU_FlashWaitStateMax
                0x0001a9b0       0x68 ./../Libraries/EMlib/EMLib/../BCDS_Customization/debug/libEMLib_efm32_debug.a(em_cmu.o)
 .text.CMU_DivToLog2
                0x0001aa18       0x38 ./../Libraries/EMlib/EMLib/../BCDS_Customization/debug/libEMLib_efm32_debug.a(em_cmu.o)
 .text.CMU_FlashWaitStateControl
                0x0001aa50       0xf4 ./../Libraries/EMlib/EMLib/../BCDS_Customization/debug/libEMLib_efm32_debug.a(em_cmu.o)
 .text.CMU_USBCClkGet
                0x0001ab44       0x50 ./../Libraries/EMlib/EMLib/../BCDS_Customization/debug/libEMLib_efm32_debug.a(em_cmu.o)
 .text.CMU_AUXClkGet
                0x0001ab94       0x9c ./../Libraries/EMlib/EMLib/../BCDS_Customization/debug/libEMLib_efm32_debug.a(em_cmu.o)
 .text.CMU_DBGClkGet
                0x0001ac30       0x64 ./../Libraries/EMlib/EMLib/../BCDS_Customization/debug/libEMLib_efm32_debug.a(em_cmu.o)
 .text.CMU_LFClkGet
                0x0001ac94       0xd4 ./../Libraries/EMlib/EMLib/../BCDS_Customization/debug/libEMLib_efm32_debug.a(em_cmu.o)
 .text.CMU_Sync
                0x0001ad68       0x3c ./../Libraries/EMlib/EMLib/../BCDS_Customization/debug/libEMLib_efm32_debug.a(em_cmu.o)
 .text.CMU_ClockDivSet
                0x0001ada4      0x298 ./../Libraries/EMlib/EMLib/../BCDS_Customization/debug/libEMLib_efm32_debug.a(em_cmu.o)
                0x0001ada4                CMU_ClockDivSet
 .text.CMU_ClockEnable
                0x0001b03c      0x10c ./../Libraries/EMlib/EMLib/../BCDS_Customization/debug/libEMLib_efm32_debug.a(em_cmu.o)
                0x0001b03c                CMU_ClockEnable
 .text.CMU_ClockFreqGet
                0x0001b148      0x1e8 ./../Libraries/EMlib/EMLib/../BCDS_Customization/debug/libEMLib_efm32_debug.a(em_cmu.o)
                0x0001b148                CMU_ClockFreqGet
 .text.CMU_ClockSelectGet
                0x0001b330      0x1a4 ./../Libraries/EMlib/EMLib/../BCDS_Customization/debug/libEMLib_efm32_debug.a(em_cmu.o)
                0x0001b330                CMU_ClockSelectGet
 .text.CMU_ClockSelectSet
                0x0001b4d4      0x38c ./../Libraries/EMlib/EMLib/../BCDS_Customization/debug/libEMLib_efm32_debug.a(em_cmu.o)
                0x0001b4d4                CMU_ClockSelectSet
 .text.CMU_OscillatorEnable
                0x0001b860       0xe8 ./../Libraries/EMlib/EMLib/../BCDS_Customization/debug/libEMLib_efm32_debug.a(em_cmu.o)
                0x0001b860                CMU_OscillatorEnable
 .text.EMU_UpdateOscConfig
                0x0001b948       0x20 ./../Libraries/EMlib/EMLib/../BCDS_Customization/debug/libEMLib_efm32_debug.a(em_emu.o)
                0x0001b948                EMU_UpdateOscConfig
 .text.BITBAND_Peripheral
                0x0001b968       0x30 ./../Libraries/EMlib/EMLib/../BCDS_Customization/debug/libEMLib_efm32_debug.a(em_gpio.o)
 .text.GPIO_DriveModeSet
                0x0001b998       0x60 ./../Libraries/EMlib/EMLib/../BCDS_Customization/debug/libEMLib_efm32_debug.a(em_gpio.o)
                0x0001b998                GPIO_DriveModeSet
 .text.GPIO_IntConfig
                0x0001b9f8       0xf4 ./../Libraries/EMlib/EMLib/../BCDS_Customization/debug/libEMLib_efm32_debug.a(em_gpio.o)
                0x0001b9f8                GPIO_IntConfig
 .text.GPIO_PinModeSet
                0x0001baec      0x1b8 ./../Libraries/EMlib/EMLib/../BCDS_Customization/debug/libEMLib_efm32_debug.a(em_gpio.o)
                0x0001baec                GPIO_PinModeSet
 .text.BITBAND_Peripheral
                0x0001bca4       0x30 ./../Libraries/EMlib/EMLib/../BCDS_Customization/debug/libEMLib_efm32_debug.a(em_i2c.o)
 .text.I2C_BusFreqSet
                0x0001bcd4       0x94 ./../Libraries/EMlib/EMLib/../BCDS_Customization/debug/libEMLib_efm32_debug.a(em_i2c.o)
                0x0001bcd4                I2C_BusFreqSet
 .text.I2C_Init
                0x0001bd68       0x84 ./../Libraries/EMlib/EMLib/../BCDS_Customization/debug/libEMLib_efm32_debug.a(em_i2c.o)
                0x0001bd68                I2C_Init
 .text.NVIC_EnableIRQ
                0x0001bdec       0x38 ./../Libraries/EMlib/EMLib/../BCDS_Customization/debug/libEMLib_efm32_debug.a(em_usbd.o)
 .text.NVIC_ClearPendingIRQ
                0x0001be24       0x3c ./../Libraries/EMlib/EMLib/../BCDS_Customization/debug/libEMLib_efm32_debug.a(em_usbd.o)
 .text.INT_Disable
                0x0001be60       0x40 ./../Libraries/EMlib/EMLib/../BCDS_Customization/debug/libEMLib_efm32_debug.a(em_usbd.o)
 .text.INT_Enable
                0x0001bea0       0x54 ./../Libraries/EMlib/EMLib/../BCDS_Customization/debug/libEMLib_efm32_debug.a(em_usbd.o)
 .text.USBHAL_DisableGlobalInt
                0x0001bef4       0x34 ./../Libraries/EMlib/EMLib/../BCDS_Customization/debug/libEMLib_efm32_debug.a(em_usbd.o)
 .text.USBHAL_EnableGlobalInt
                0x0001bf28       0x34 ./../Libraries/EMlib/EMLib/../BCDS_Customization/debug/libEMLib_efm32_debug.a(em_usbd.o)
 .text.USBDHAL_EnableUsbResetAndSuspendInt
                0x0001bf5c       0x38 ./../Libraries/EMlib/EMLib/../BCDS_Customization/debug/libEMLib_efm32_debug.a(em_usbd.o)
 .text.USBDHAL_EpIsStalled
                0x0001bf94       0x3c ./../Libraries/EMlib/EMLib/../BCDS_Customization/debug/libEMLib_efm32_debug.a(em_usbd.o)
 .text.USBDHAL_GetStallStatusEp
                0x0001bfd0       0xc0 ./../Libraries/EMlib/EMLib/../BCDS_Customization/debug/libEMLib_efm32_debug.a(em_usbd.o)
 .text.USBDHAL_SetEp0InDmaPtr
                0x0001c090       0x28 ./../Libraries/EMlib/EMLib/../BCDS_Customization/debug/libEMLib_efm32_debug.a(em_usbd.o)
 .text.USBDHAL_SetEp0OutDmaPtr
                0x0001c0b8       0x28 ./../Libraries/EMlib/EMLib/../BCDS_Customization/debug/libEMLib_efm32_debug.a(em_usbd.o)
 .text.USBDHAL_StartEp0In
                0x0001c0e0       0x5c ./../Libraries/EMlib/EMLib/../BCDS_Customization/debug/libEMLib_efm32_debug.a(em_usbd.o)
 .text.USBDHAL_StartEp0Out
                0x0001c13c       0x5c ./../Libraries/EMlib/EMLib/../BCDS_Customization/debug/libEMLib_efm32_debug.a(em_usbd.o)
 .text.USBDHAL_StartEpIn
                0x0001c198       0xc8 ./../Libraries/EMlib/EMLib/../BCDS_Customization/debug/libEMLib_efm32_debug.a(em_usbd.o)
 .text.USBDHAL_StartEpOut
                0x0001c260       0xd4 ./../Libraries/EMlib/EMLib/../BCDS_Customization/debug/libEMLib_efm32_debug.a(em_usbd.o)
 .text.USBD_ArmEp
                0x0001c334       0x28 ./../Libraries/EMlib/EMLib/../BCDS_Customization/debug/libEMLib_efm32_debug.a(em_usbd.o)
 .text.USBD_ArmEp0
                0x0001c35c       0x88 ./../Libraries/EMlib/EMLib/../BCDS_Customization/debug/libEMLib_efm32_debug.a(em_usbd.o)
 .text.USBD_ArmEpN
                0x0001c3e4       0x28 ./../Libraries/EMlib/EMLib/../BCDS_Customization/debug/libEMLib_efm32_debug.a(em_usbd.o)
 .text.USBD_GetEpFromAddr
                0x0001c40c       0xa0 ./../Libraries/EMlib/EMLib/../BCDS_Customization/debug/libEMLib_efm32_debug.a(em_usbd.o)
 .text.USBD_Disconnect
                0x0001c4ac       0x14 ./../Libraries/EMlib/EMLib/../BCDS_Customization/debug/libEMLib_efm32_debug.a(em_usbd.o)
                0x0001c4ac                USBD_Disconnect
 .text.USBD_GetUsbState
                0x0001c4c0       0x1c ./../Libraries/EMlib/EMLib/../BCDS_Customization/debug/libEMLib_efm32_debug.a(em_usbd.o)
                0x0001c4c0                USBD_GetUsbState
 .text.USBD_Init
                0x0001c4dc      0x4fc ./../Libraries/EMlib/EMLib/../BCDS_Customization/debug/libEMLib_efm32_debug.a(em_usbd.o)
                0x0001c4dc                USBD_Init
 .text.USBD_Read
                0x0001c9d8      0x108 ./../Libraries/EMlib/EMLib/../BCDS_Customization/debug/libEMLib_efm32_debug.a(em_usbd.o)
                0x0001c9d8                USBD_Read
 .text.USBD_SetUsbState
                0x0001cae0       0x98 ./../Libraries/EMlib/EMLib/../BCDS_Customization/debug/libEMLib_efm32_debug.a(em_usbd.o)
                0x0001cae0                USBD_SetUsbState
 .text.USBD_Write
                0x0001cb78      0x10c ./../Libraries/EMlib/EMLib/../BCDS_Customization/debug/libEMLib_efm32_debug.a(em_usbd.o)
                0x0001cb78                USBD_Write
 .text.NVIC_ClearPendingIRQ
                0x0001cc84       0x3c ./../Libraries/EMlib/EMLib/../BCDS_Customization/debug/libEMLib_efm32_debug.a(em_usbhal.o)
 .text.INT_Disable
                0x0001ccc0       0x40 ./../Libraries/EMlib/EMLib/../BCDS_Customization/debug/libEMLib_efm32_debug.a(em_usbhal.o)
 .text.INT_Enable
                0x0001cd00       0x54 ./../Libraries/EMlib/EMLib/../BCDS_Customization/debug/libEMLib_efm32_debug.a(em_usbhal.o)
 .text.USBHAL_FlushRxFifo
                0x0001cd54       0x3c ./../Libraries/EMlib/EMLib/../BCDS_Customization/debug/libEMLib_efm32_debug.a(em_usbhal.o)
 .text.USBHAL_FlushTxFifo
                0x0001cd90       0x4c ./../Libraries/EMlib/EMLib/../BCDS_Customization/debug/libEMLib_efm32_debug.a(em_usbhal.o)
 .text.USBDHAL_DeactivateEp
                0x0001cddc       0x88 ./../Libraries/EMlib/EMLib/../BCDS_Customization/debug/libEMLib_efm32_debug.a(em_usbhal.o)
 .text.USBDHAL_GetInEpInts
                0x0001ce64       0x44 ./../Libraries/EMlib/EMLib/../BCDS_Customization/debug/libEMLib_efm32_debug.a(em_usbhal.o)
 .text.USBDHAL_GetOutEpInts
                0x0001cea8       0x44 ./../Libraries/EMlib/EMLib/../BCDS_Customization/debug/libEMLib_efm32_debug.a(em_usbhal.o)
 .text.USBDHAL_SetEPDISNAK
                0x0001ceec       0xac ./../Libraries/EMlib/EMLib/../BCDS_Customization/debug/libEMLib_efm32_debug.a(em_usbhal.o)
 .text.USBD_GetEpFromAddr
                0x0001cf98       0xa0 ./../Libraries/EMlib/EMLib/../BCDS_Customization/debug/libEMLib_efm32_debug.a(em_usbhal.o)
 .text.USBHAL_CoreReset
                0x0001d038       0xbc ./../Libraries/EMlib/EMLib/../BCDS_Customization/debug/libEMLib_efm32_debug.a(em_usbhal.o)
                0x0001d038                USBHAL_CoreReset
 .text.USBDHAL_CoreInit
                0x0001d0f4      0x3ec ./../Libraries/EMlib/EMLib/../BCDS_Customization/debug/libEMLib_efm32_debug.a(em_usbhal.o)
                0x0001d0f4                USBDHAL_CoreInit
 .text.USBDHAL_Disconnect
                0x0001d4e0       0x3c ./../Libraries/EMlib/EMLib/../BCDS_Customization/debug/libEMLib_efm32_debug.a(em_usbhal.o)
                0x0001d4e0                USBDHAL_Disconnect
 .text.USBDHAL_AbortAllEps
                0x0001d51c      0x53c ./../Libraries/EMlib/EMLib/../BCDS_Customization/debug/libEMLib_efm32_debug.a(em_usbhal.o)
                0x0001d51c                USBDHAL_AbortAllEps
 .text.USBDHAL_AbortAllTransfers
                0x0001da58       0xc8 ./../Libraries/EMlib/EMLib/../BCDS_Customization/debug/libEMLib_efm32_debug.a(em_usbhal.o)
                0x0001da58                USBDHAL_AbortAllTransfers
 .text.USBDHAL_ReenableEp0Setup
                0x0001db20       0x60 ./../Libraries/EMlib/EMLib/../BCDS_Customization/debug/libEMLib_efm32_debug.a(em_usbdep.o)
 .text.USBDHAL_StallEp
                0x0001db80       0xcc ./../Libraries/EMlib/EMLib/../BCDS_Customization/debug/libEMLib_efm32_debug.a(em_usbdep.o)
 .text.USBDHAL_StartEp0In
                0x0001dc4c       0x5c ./../Libraries/EMlib/EMLib/../BCDS_Customization/debug/libEMLib_efm32_debug.a(em_usbdep.o)
 .text.USBDHAL_StartEp0Out
                0x0001dca8       0x5c ./../Libraries/EMlib/EMLib/../BCDS_Customization/debug/libEMLib_efm32_debug.a(em_usbdep.o)
 .text.USBD_GetEpFromAddr
                0x0001dd04       0xa0 ./../Libraries/EMlib/EMLib/../BCDS_Customization/debug/libEMLib_efm32_debug.a(em_usbdep.o)
 .text.USBD_ReArmEp0
                0x0001dda4       0x64 ./../Libraries/EMlib/EMLib/../BCDS_Customization/debug/libEMLib_efm32_debug.a(em_usbdep.o)
 .text.USBDEP_Ep0Handler
                0x0001de08      0x300 ./../Libraries/EMlib/EMLib/../BCDS_Customization/debug/libEMLib_efm32_debug.a(em_usbdep.o)
                0x0001de08                USBDEP_Ep0Handler
 .text.USBDEP_EpHandler
                0x0001e108       0x60 ./../Libraries/EMlib/EMLib/../BCDS_Customization/debug/libEMLib_efm32_debug.a(em_usbdep.o)
                0x0001e108                USBDEP_EpHandler
 .text.TIMER_CounterGet
                0x0001e168       0x18 ./../Libraries/EMlib/EMLib/../BCDS_Customization/debug/libEMLib_efm32_debug.a(em_usbtimer.o)
 .text.TIMER_TopSet
                0x0001e180       0x1c ./../Libraries/EMlib/EMLib/../BCDS_Customization/debug/libEMLib_efm32_debug.a(em_usbtimer.o)
 .text.DelayTicks
                0x0001e19c       0x4c ./../Libraries/EMlib/EMLib/../BCDS_Customization/debug/libEMLib_efm32_debug.a(em_usbtimer.o)
 .text.USBTIMER_DelayMs
                0x0001e1e8       0x84 ./../Libraries/EMlib/EMLib/../BCDS_Customization/debug/libEMLib_efm32_debug.a(em_usbtimer.o)
                0x0001e1e8                USBTIMER_DelayMs
 .text.USBTIMER_DelayUs
                0x0001e26c      0x124 ./../Libraries/EMlib/EMLib/../BCDS_Customization/debug/libEMLib_efm32_debug.a(em_usbtimer.o)
                0x0001e26c                USBTIMER_DelayUs
 .text.USBTIMER_Init
                0x0001e390      0x188 ./../Libraries/EMlib/EMLib/../BCDS_Customization/debug/libEMLib_efm32_debug.a(em_usbtimer.o)
                0x0001e390                USBTIMER_Init
 .text.GetProdRev
                0x0001e518       0x1c ./../Libraries/EMlib/EMLib/../BCDS_Customization/debug/libEMLib_efm32_debug.a(system_efm32gg.o)
 .text.SystemCoreClockGet
                0x0001e534       0x58 ./../Libraries/EMlib/EMLib/../BCDS_Customization/debug/libEMLib_efm32_debug.a(system_efm32gg.o)
                0x0001e534                SystemCoreClockGet
 .text.SystemHFClockGet
                0x0001e58c      0x110 ./../Libraries/EMlib/EMLib/../BCDS_Customization/debug/libEMLib_efm32_debug.a(system_efm32gg.o)
                0x0001e58c                SystemHFClockGet
 .text.SystemHFXOClockGet
                0x0001e69c       0x18 ./../Libraries/EMlib/EMLib/../BCDS_Customization/debug/libEMLib_efm32_debug.a(system_efm32gg.o)
                0x0001e69c                SystemHFXOClockGet
 .text.SystemInit
                0x0001e6b4        0xc ./../Libraries/EMlib/EMLib/../BCDS_Customization/debug/libEMLib_efm32_debug.a(system_efm32gg.o)
                0x0001e6b4                SystemInit
 .text.SystemLFRCOClockGet
                0x0001e6c0       0x10 ./../Libraries/EMlib/EMLib/../BCDS_Customization/debug/libEMLib_efm32_debug.a(system_efm32gg.o)
                0x0001e6c0                SystemLFRCOClockGet
 .text.SystemULFRCOClockGet
                0x0001e6d0       0x10 ./../Libraries/EMlib/EMLib/../BCDS_Customization/debug/libEMLib_efm32_debug.a(system_efm32gg.o)
                0x0001e6d0                SystemULFRCOClockGet
 .text.SystemLFXOClockGet
                0x0001e6e0       0x18 ./../Libraries/EMlib/EMLib/../BCDS_Customization/debug/libEMLib_efm32_debug.a(system_efm32gg.o)
                0x0001e6e0                SystemLFXOClockGet
 .text.TIMER_Init
                0x0001e6f8      0x134 ./../Libraries/EMlib/EMLib/../BCDS_Customization/debug/libEMLib_efm32_debug.a(em_timer.o)
                0x0001e6f8                TIMER_Init
 .text.TIMER_InitCC
                0x0001e82c       0xec ./../Libraries/EMlib/EMLib/../BCDS_Customization/debug/libEMLib_efm32_debug.a(em_timer.o)
                0x0001e82c                TIMER_InitCC
 .text.USBDHAL_ActivateEp
                0x0001e918      0x148 ./../Libraries/EMlib/EMLib/../BCDS_Customization/debug/libEMLib_efm32_debug.a(em_usbdch9.o)
 .text.USBDHAL_DeactivateEp
                0x0001ea60       0x88 ./../Libraries/EMlib/EMLib/../BCDS_Customization/debug/libEMLib_efm32_debug.a(em_usbdch9.o)
 .text.USBDHAL_GetStallStatusEp
                0x0001eae8       0xc0 ./../Libraries/EMlib/EMLib/../BCDS_Customization/debug/libEMLib_efm32_debug.a(em_usbdch9.o)
 .text.USBDHAL_SetAddr
                0x0001eba8       0x3c ./../Libraries/EMlib/EMLib/../BCDS_Customization/debug/libEMLib_efm32_debug.a(em_usbdch9.o)
 .text.USBDHAL_StallEp
                0x0001ebe4       0xcc ./../Libraries/EMlib/EMLib/../BCDS_Customization/debug/libEMLib_efm32_debug.a(em_usbdch9.o)
 .text.USBDHAL_UnStallEp
                0x0001ecb0       0xe4 ./../Libraries/EMlib/EMLib/../BCDS_Customization/debug/libEMLib_efm32_debug.a(em_usbdch9.o)
 .text.USBD_ActivateAllEps
                0x0001ed94       0x54 ./../Libraries/EMlib/EMLib/../BCDS_Customization/debug/libEMLib_efm32_debug.a(em_usbdch9.o)
 .text.USBD_DeactivateAllEps
                0x0001ede8       0x68 ./../Libraries/EMlib/EMLib/../BCDS_Customization/debug/libEMLib_efm32_debug.a(em_usbdch9.o)
 .text.USBD_GetEpFromAddr
                0x0001ee50       0xa0 ./../Libraries/EMlib/EMLib/../BCDS_Customization/debug/libEMLib_efm32_debug.a(em_usbdch9.o)
 .text.USBDCH9_SetupCmd
                0x0001eef0       0xec ./../Libraries/EMlib/EMLib/../BCDS_Customization/debug/libEMLib_efm32_debug.a(em_usbdch9.o)
                0x0001eef0                USBDCH9_SetupCmd
 .text.ClearFeature
                0x0001efdc       0xcc ./../Libraries/EMlib/EMLib/../BCDS_Customization/debug/libEMLib_efm32_debug.a(em_usbdch9.o)
 .text.GetConfiguration
                0x0001f0a8       0xb8 ./../Libraries/EMlib/EMLib/../BCDS_Customization/debug/libEMLib_efm32_debug.a(em_usbdch9.o)
 .text.GetDescriptor
                0x0001f160      0x10c ./../Libraries/EMlib/EMLib/../BCDS_Customization/debug/libEMLib_efm32_debug.a(em_usbdch9.o)
 .text.GetInterface
                0x0001f26c       0x94 ./../Libraries/EMlib/EMLib/../BCDS_Customization/debug/libEMLib_efm32_debug.a(em_usbdch9.o)
 .text.GetStatus
                0x0001f300      0x1b4 ./../Libraries/EMlib/EMLib/../BCDS_Customization/debug/libEMLib_efm32_debug.a(em_usbdch9.o)
 .text.SetAddress
                0x0001f4b4       0xb4 ./../Libraries/EMlib/EMLib/../BCDS_Customization/debug/libEMLib_efm32_debug.a(em_usbdch9.o)
 .text.SetConfiguration
                0x0001f568      0x10c ./../Libraries/EMlib/EMLib/../BCDS_Customization/debug/libEMLib_efm32_debug.a(em_usbdch9.o)
 .text.SetFeature
                0x0001f674      0x100 ./../Libraries/EMlib/EMLib/../BCDS_Customization/debug/libEMLib_efm32_debug.a(em_usbdch9.o)
 .text.SetInterface
                0x0001f774       0x68 ./../Libraries/EMlib/EMLib/../BCDS_Customization/debug/libEMLib_efm32_debug.a(em_usbdch9.o)
 .text.bma2x2_init
                0x0001f7dc       0x9c ./../Libraries/BSTLib/BST_Github/../BCDS_Customization/debug/libBSTLib_efm32_debug.a(bma2x2.o)
                0x0001f7dc                bma2x2_init
 .text.bma2x2_read_reg
                0x0001f878       0x60 ./../Libraries/BSTLib/BST_Github/../BCDS_Customization/debug/libBSTLib_efm32_debug.a(bma2x2.o)
                0x0001f878                bma2x2_read_reg
 .text.bma2x2_read_accel_xyz
                0x0001f8d8      0x28c ./../Libraries/BSTLib/BST_Github/../BCDS_Customization/debug/libBSTLib_efm32_debug.a(bma2x2.o)
                0x0001f8d8                bma2x2_read_accel_xyz
 .text.bma2x2_set_bw
                0x0001fb64      0x254 ./../Libraries/BSTLib/BST_Github/../BCDS_Customization/debug/libBSTLib_efm32_debug.a(bma2x2.o)
                0x0001fb64                bma2x2_set_bw
 .text.bma2x2_set_intr_enable
                0x0001fdb8      0x2e8 ./../Libraries/BSTLib/BST_Github/../BCDS_Customization/debug/libBSTLib_efm32_debug.a(bma2x2.o)
                0x0001fdb8                bma2x2_set_intr_enable
 .text.bma2x2_set_intr_slope
                0x000200a0      0x15c ./../Libraries/BSTLib/BST_Github/../BCDS_Customization/debug/libBSTLib_efm32_debug.a(bma2x2.o)
                0x000200a0                bma2x2_set_intr_slope
 .text.bma2x2_set_new_data
                0x000201fc      0x150 ./../Libraries/BSTLib/BST_Github/../BCDS_Customization/debug/libBSTLib_efm32_debug.a(bma2x2.o)
                0x000201fc                bma2x2_set_new_data
 .text.bma2x2_set_durn
                0x0002034c      0x1cc ./../Libraries/BSTLib/BST_Github/../BCDS_Customization/debug/libBSTLib_efm32_debug.a(bma2x2.o)
                0x0002034c                bma2x2_set_durn
 .text.bma2x2_set_thres
                0x00020518      0x134 ./../Libraries/BSTLib/BST_Github/../BCDS_Customization/debug/libBSTLib_efm32_debug.a(bma2x2.o)
                0x00020518                bma2x2_set_thres
 .text.bme280_init
                0x0002064c       0x80 ./../Libraries/BSTLib/BST_Github/../BCDS_Customization/debug/libBSTLib_efm32_debug.a(bme280.o)
                0x0002064c                bme280_init
 .text.bme280_compensate_temperature_int32
                0x000206cc       0xd0 ./../Libraries/BSTLib/BST_Github/../BCDS_Customization/debug/libBSTLib_efm32_debug.a(bme280.o)
                0x000206cc                bme280_compensate_temperature_int32
 .text.bme280_compensate_pressure_int32
                0x0002079c      0x1d4 ./../Libraries/BSTLib/BST_Github/../BCDS_Customization/debug/libBSTLib_efm32_debug.a(bme280.o)
                0x0002079c                bme280_compensate_pressure_int32
 .text.bme280_compensate_humidity_int32
                0x00020970      0x110 ./../Libraries/BSTLib/BST_Github/../BCDS_Customization/debug/libBSTLib_efm32_debug.a(bme280.o)
                0x00020970                bme280_compensate_humidity_int32
 .text.bme280_read_uncomp_pressure_temperature_humidity
                0x00020a80       0xe0 ./../Libraries/BSTLib/BST_Github/../BCDS_Customization/debug/libBSTLib_efm32_debug.a(bme280.o)
                0x00020a80                bme280_read_uncomp_pressure_temperature_humidity
 .text.bme280_read_pressure_temperature_humidity
                0x00020b60       0x8c ./../Libraries/BSTLib/BST_Github/../BCDS_Customization/debug/libBSTLib_efm32_debug.a(bme280.o)
                0x00020b60                bme280_read_pressure_temperature_humidity
 .text.bme280_get_calib_param
                0x00020bec      0x2d8 ./../Libraries/BSTLib/BST_Github/../BCDS_Customization/debug/libBSTLib_efm32_debug.a(bme280.o)
                0x00020bec                bme280_get_calib_param
 .text.bme280_set_oversamp_temperature
                0x00020ec4      0x1e8 ./../Libraries/BSTLib/BST_Github/../BCDS_Customization/debug/libBSTLib_efm32_debug.a(bme280.o)
                0x00020ec4                bme280_set_oversamp_temperature
 .text.bme280_set_oversamp_pressure
                0x000210ac      0x1dc ./../Libraries/BSTLib/BST_Github/../BCDS_Customization/debug/libBSTLib_efm32_debug.a(bme280.o)
                0x000210ac                bme280_set_oversamp_pressure
 .text.bme280_set_oversamp_humidity
                0x00021288      0x228 ./../Libraries/BSTLib/BST_Github/../BCDS_Customization/debug/libBSTLib_efm32_debug.a(bme280.o)
                0x00021288                bme280_set_oversamp_humidity
 .text.bme280_get_power_mode
                0x000214b0       0x74 ./../Libraries/BSTLib/BST_Github/../BCDS_Customization/debug/libBSTLib_efm32_debug.a(bme280.o)
                0x000214b0                bme280_get_power_mode
 .text.bme280_set_power_mode
                0x00021524      0x1e8 ./../Libraries/BSTLib/BST_Github/../BCDS_Customization/debug/libBSTLib_efm32_debug.a(bme280.o)
                0x00021524                bme280_set_power_mode
 .text.bme280_set_soft_rst
                0x0002170c       0x64 ./../Libraries/BSTLib/BST_Github/../BCDS_Customization/debug/libBSTLib_efm32_debug.a(bme280.o)
                0x0002170c                bme280_set_soft_rst
 .text.bme280_set_standby_durn
                0x00021770      0x1e0 ./../Libraries/BSTLib/BST_Github/../BCDS_Customization/debug/libBSTLib_efm32_debug.a(bme280.o)
                0x00021770                bme280_set_standby_durn
 .text.bme280_write_register
                0x00021950       0x64 ./../Libraries/BSTLib/BST_Github/../BCDS_Customization/debug/libBSTLib_efm32_debug.a(bme280.o)
                0x00021950                bme280_write_register
 .text.bme280_read_register
                0x000219b4       0x64 ./../Libraries/BSTLib/BST_Github/../BCDS_Customization/debug/libBSTLib_efm32_debug.a(bme280.o)
                0x000219b4                bme280_read_register
 .text.bmg160_init
                0x00021a18       0x6c ./../Libraries/BSTLib/BST_Github/../BCDS_Customization/debug/libBSTLib_efm32_debug.a(bmg160.o)
                0x00021a18                bmg160_init
 .text.bmg160_get_data_XYZ
                0x00021a84       0xd0 ./../Libraries/BSTLib/BST_Github/../BCDS_Customization/debug/libBSTLib_efm32_debug.a(bmg160.o)
                0x00021a84                bmg160_get_data_XYZ
 .text.bmi160_init
                0x00021b54       0x90 ./../Libraries/BSTLib/BST_Github/../BCDS_Customization/debug/libBSTLib_efm32_debug.a(bmi160.o)
                0x00021b54                bmi160_init
 .text.bmi160_write_reg
                0x00021be4       0x60 ./../Libraries/BSTLib/BST_Github/../BCDS_Customization/debug/libBSTLib_efm32_debug.a(bmi160.o)
                0x00021be4                bmi160_write_reg
 .text.bmi160_read_gyro_xyz
                0x00021c44       0xc4 ./../Libraries/BSTLib/BST_Github/../BCDS_Customization/debug/libBSTLib_efm32_debug.a(bmi160.o)
                0x00021c44                bmi160_read_gyro_xyz
 .text.bmi160_read_accel_xyz
                0x00021d08       0xc4 ./../Libraries/BSTLib/BST_Github/../BCDS_Customization/debug/libBSTLib_efm32_debug.a(bmi160.o)
                0x00021d08                bmi160_read_accel_xyz
 .text.bmi160_set_command_register
                0x00021dcc       0x60 ./../Libraries/BSTLib/BST_Github/../BCDS_Customization/debug/libBSTLib_efm32_debug.a(bmi160.o)
                0x00021dcc                bmi160_set_command_register
 .text.bmm050_init
                0x00021e2c       0xbc ./../Libraries/BSTLib/BST_Github/../BCDS_Customization/debug/libBSTLib_efm32_debug.a(bmm050.o)
                0x00021e2c                bmm050_init
 .text.bmm050_set_presetmode
                0x00021ee8      0x120 ./../Libraries/BSTLib/BST_Github/../BCDS_Customization/debug/libBSTLib_efm32_debug.a(bmm050.o)
                0x00021ee8                bmm050_set_presetmode
 .text.bmm050_set_functional_state
                0x00022008      0x28c ./../Libraries/BSTLib/BST_Github/../BCDS_Customization/debug/libBSTLib_efm32_debug.a(bmm050.o)
                0x00022008                bmm050_set_functional_state
 .text.bmm050_read_mag_data_XYZ_s32
                0x00022294      0x158 ./../Libraries/BSTLib/BST_Github/../BCDS_Customization/debug/libBSTLib_efm32_debug.a(bmm050.o)
                0x00022294                bmm050_read_mag_data_XYZ_s32
 .text.bmm050_set_data_rate
                0x000223ec       0xbc ./../Libraries/BSTLib/BST_Github/../BCDS_Customization/debug/libBSTLib_efm32_debug.a(bmm050.o)
                0x000223ec                bmm050_set_data_rate
 .text.bmm050_init_trim_registers
                0x000224a8      0x344 ./../Libraries/BSTLib/BST_Github/../BCDS_Customization/debug/libBSTLib_efm32_debug.a(bmm050.o)
                0x000224a8                bmm050_init_trim_registers
 .text.bmm050_get_power_mode
                0x000227ec       0x78 ./../Libraries/BSTLib/BST_Github/../BCDS_Customization/debug/libBSTLib_efm32_debug.a(bmm050.o)
                0x000227ec                bmm050_get_power_mode
 .text.bmm050_set_power_mode
                0x00022864       0xb8 ./../Libraries/BSTLib/BST_Github/../BCDS_Customization/debug/libBSTLib_efm32_debug.a(bmm050.o)
                0x00022864                bmm050_set_power_mode
 .text.bmm050_set_rep_XY
                0x0002291c       0x6c ./../Libraries/BSTLib/BST_Github/../BCDS_Customization/debug/libBSTLib_efm32_debug.a(bmm050.o)
                0x0002291c                bmm050_set_rep_XY
 .text.bmm050_set_rep_Z
                0x00022988       0x6c ./../Libraries/BSTLib/BST_Github/../BCDS_Customization/debug/libBSTLib_efm32_debug.a(bmm050.o)
                0x00022988                bmm050_set_rep_Z
 .text.bmm050_compensate_X
                0x000229f4      0x114 ./../Libraries/BSTLib/BST_Github/../BCDS_Customization/debug/libBSTLib_efm32_debug.a(bmm050.o)
                0x000229f4                bmm050_compensate_X
 .text.bmm050_compensate_X_s32
                0x00022b08       0x40 ./../Libraries/BSTLib/BST_Github/../BCDS_Customization/debug/libBSTLib_efm32_debug.a(bmm050.o)
                0x00022b08                bmm050_compensate_X_s32
 .text.bmm050_compensate_Y
                0x00022b48      0x114 ./../Libraries/BSTLib/BST_Github/../BCDS_Customization/debug/libBSTLib_efm32_debug.a(bmm050.o)
                0x00022b48                bmm050_compensate_Y
 .text.bmm050_compensate_Y_s32
                0x00022c5c       0x40 ./../Libraries/BSTLib/BST_Github/../BCDS_Customization/debug/libBSTLib_efm32_debug.a(bmm050.o)
                0x00022c5c                bmm050_compensate_Y_s32
 .text.bmm050_compensate_Z_s32
                0x00022c9c       0xf4 ./../Libraries/BSTLib/BST_Github/../BCDS_Customization/debug/libBSTLib_efm32_debug.a(bmm050.o)
                0x00022c9c                bmm050_compensate_Z_s32
 .text.GPIO_PinOutClear
                0x00022d90       0x4c ../Common/debug/XDKCommon_efm32_debug.a(SystemStartup.o)
 .text.GPIO_PinOutSet
                0x00022ddc       0x4c ../Common/debug/XDKCommon_efm32_debug.a(SystemStartup.o)
 .text.systemStartup
                0x00022e28       0x88 ../Common/debug/XDKCommon_efm32_debug.a(SystemStartup.o)
                0x00022e28                systemStartup
 .text.vApplicationStackOverflowHook
                0x00022eb0       0x80 ../Common/debug/XDKCommon_efm32_debug.a(SystemStartup.o)
                0x00022eb0                vApplicationStackOverflowHook
 .text.Retcode_getPackage
                0x00022f30       0x1c ../Common/debug/XDKCommon_efm32_debug.a(BoardInitialization.o)
 .text.NVIC_SetPriority
                0x00022f4c       0x5c ../Common/debug/XDKCommon_efm32_debug.a(BoardInitialization.o)
 .text.CHIP_Init
                0x00022fa8       0x50 ../Common/debug/XDKCommon_efm32_debug.a(BoardInitialization.o)
 .text.GPIO_PinOutSet
                0x00022ff8       0x4c ../Common/debug/XDKCommon_efm32_debug.a(BoardInitialization.o)
 .text.ErrorHandlingFunc
                0x00023044       0x2c ../Common/debug/XDKCommon_efm32_debug.a(BoardInitialization.o)
 .text.bleGetPublicAddress
                0x00023070       0x94 ../Common/debug/XDKCommon_efm32_debug.a(BoardInitialization.o)
 .text.customizeInterruptPriority
                0x00023104      0x1d0 ../Common/debug/XDKCommon_efm32_debug.a(BoardInitialization.o)
                0x00023104                customizeInterruptPriority
 .text.assertIndicationMapping
                0x000232d4       0x84 ../Common/debug/XDKCommon_efm32_debug.a(BoardInitialization.o)
                0x000232d4                assertIndicationMapping
 .text.boardInit
                0x00023358       0x10 ../Common/debug/XDKCommon_efm32_debug.a(BoardInitialization.o)
                0x00023358                boardInit
 .text.boardStartup
                0x00023368       0xe4 ../Common/debug/XDKCommon_efm32_debug.a(BoardInitialization.o)
                0x00023368                boardStartup
 .text.resetGpioConfig
                0x0002344c      0x3f8 ../Common/debug/XDKCommon_efm32_debug.a(GpioConfig.o)
                0x0002344c                resetGpioConfig
 .text.getUserPageData
                0x00023844       0x50 ./../Platform/Utils/debug/libUtils_efm32_debug.a(UserPage.o)
 .text.checkIfInitIsDone
                0x00023894       0x38 ./../Platform/Utils/debug/libUtils_efm32_debug.a(UserPage.o)
 .text.flashUserPage
                0x000238cc       0xa8 ./../Platform/Utils/debug/libUtils_efm32_debug.a(UserPage.o)
 .text.UserPage_init
                0x00023974       0x20 ./../Platform/Utils/debug/libUtils_efm32_debug.a(UserPage.o)
                0x00023974                UserPage_init
 .text.UserPage_writeAFieldToUserPage
                0x00023994       0x94 ./../Platform/Utils/debug/libUtils_efm32_debug.a(UserPage.o)
                0x00023994                UserPage_writeAFieldToUserPage
 .text.UserPage_readAFieldFromUserPage
                0x00023a28       0x60 ./../Platform/Utils/debug/libUtils_efm32_debug.a(UserPage.o)
                0x00023a28                UserPage_readAFieldFromUserPage
 .text.NVIC_SystemReset
                0x00023a88       0x30 ./../Platform/Utils/debug/libUtils_efm32_debug.a(URU_usbResetUtility_cc.o)
 .text.URU_systemReset
                0x00023ab8       0x10 ./../Platform/Utils/debug/libUtils_efm32_debug.a(URU_usbResetUtility_cc.o)
 .text.URU_interruptHandling
                0x00023ac8       0x54 ./../Platform/Utils/debug/libUtils_efm32_debug.a(URU_usbResetUtility_cc.o)
 .text.URU_init
                0x00023b1c       0x2c ./../Platform/Utils/debug/libUtils_efm32_debug.a(URU_usbResetUtility_cc.o)
                0x00023b1c                URU_init
 .text.URU_usbISRCallback
                0x00023b48      0x104 ./../Platform/Utils/debug/libUtils_efm32_debug.a(URU_usbResetUtility_cc.o)
                0x00023b48                URU_usbISRCallback
 .text.Assert_initialize
                0x00023c4c       0x48 ./../Platform/Basics/debug/libBasics_efm32_debug.a(Assert.o)
                0x00023c4c                Assert_initialize
 .text.Assert_dynamic
                0x00023c94       0x2c ./../Platform/Basics/debug/libBasics_efm32_debug.a(Assert.o)
                0x00023c94                Assert_dynamic
 .text.defaultErrorHandlingFunc
                0x00023cc0       0x14 ./../Platform/Basics/debug/libBasics_efm32_debug.a(Retcode.o)
 .text.Retcode_initialize
                0x00023cd4       0x38 ./../Platform/Basics/debug/libBasics_efm32_debug.a(Retcode.o)
                0x00023cd4                Retcode_initialize
 .text.Retcode_raiseError
                0x00023d0c       0x20 ./../Platform/Basics/debug/libBasics_efm32_debug.a(Retcode.o)
                0x00023d0c                Retcode_raiseError
 .text.Retcode_compose
                0x00023d2c       0x50 ./../Platform/Basics/debug/libBasics_efm32_debug.a(Retcode.o)
                0x00023d2c                Retcode_compose
 .text.Retcode_getPackage
                0x00023d7c       0x1c ./../Platform/SensorDrivers/debug/libSensorDrivers_efm32_debug.a(Max44009.o)
 .text.MappingI2cLibError
                0x00023d98       0x5c ./../Platform/SensorDrivers/debug/libSensorDrivers_efm32_debug.a(Max44009.o)
 .text.MAX44009_combineLuxLowHighReg
                0x00023df4       0x48 ./../Platform/SensorDrivers/debug/libSensorDrivers_efm32_debug.a(Max44009.o)
 .text.MAX44009_init
                0x00023e3c       0x3c ./../Platform/SensorDrivers/debug/libSensorDrivers_efm32_debug.a(Max44009.o)
                0x00023e3c                MAX44009_init
 .text.MAX44009_setCdr
                0x00023e78       0xe0 ./../Platform/SensorDrivers/debug/libSensorDrivers_efm32_debug.a(Max44009.o)
                0x00023e78                MAX44009_setCdr
 .text.MAX44009_getConfigurationReg
                0x00023f58       0xa0 ./../Platform/SensorDrivers/debug/libSensorDrivers_efm32_debug.a(Max44009.o)
                0x00023f58                MAX44009_getConfigurationReg
 .text.MAX44009_setIntegrationTime
                0x00023ff8       0xd8 ./../Platform/SensorDrivers/debug/libSensorDrivers_efm32_debug.a(Max44009.o)
                0x00023ff8                MAX44009_setIntegrationTime
 .text.MAX44009_getSensorData
                0x000240d0      0x10c ./../Platform/SensorDrivers/debug/libSensorDrivers_efm32_debug.a(Max44009.o)
                0x000240d0                MAX44009_getSensorData
 .text.MAX44009_getDataInMilliLux
                0x000241dc       0x70 ./../Platform/SensorDrivers/debug/libSensorDrivers_efm32_debug.a(Max44009.o)
                0x000241dc                MAX44009_getDataInMilliLux
 .text.MAX44009_setUpperThreshold
                0x0002424c       0xa0 ./../Platform/SensorDrivers/debug/libSensorDrivers_efm32_debug.a(Max44009.o)
                0x0002424c                MAX44009_setUpperThreshold
 .text.MAX44009_setLowerThreshold
                0x000242ec       0xa0 ./../Platform/SensorDrivers/debug/libSensorDrivers_efm32_debug.a(Max44009.o)
                0x000242ec                MAX44009_setLowerThreshold
 .text.MAX44009_setThresholdTimer
                0x0002438c       0xa0 ./../Platform/SensorDrivers/debug/libSensorDrivers_efm32_debug.a(Max44009.o)
                0x0002438c                MAX44009_setThresholdTimer
 .text.MAX44009_setContinousModeReg
                0x0002442c       0xf4 ./../Platform/SensorDrivers/debug/libSensorDrivers_efm32_debug.a(Max44009.o)
                0x0002442c                MAX44009_setContinousModeReg
 .text.MAX44009_setManualModeReg
                0x00024520       0xf8 ./../Platform/SensorDrivers/debug/libSensorDrivers_efm32_debug.a(Max44009.o)
                0x00024520                MAX44009_setManualModeReg
 .text.MAX44009_getInterptStatus
                0x00024618       0xb8 ./../Platform/SensorDrivers/debug/libSensorDrivers_efm32_debug.a(Max44009.o)
                0x00024618                MAX44009_getInterptStatus
 .text.MAX44009_setIntrptReg
                0x000246d0       0xc0 ./../Platform/SensorDrivers/debug/libSensorDrivers_efm32_debug.a(Max44009.o)
                0x000246d0                MAX44009_setIntrptReg
 .text.NVIC_EnableIRQ
                0x00024790       0x38 ./../Platform/Power/debug/libPOWER_efm32_debug.a(PowerMgt.o)
 .text.NVIC_SetPriority
                0x000247c8       0x5c ./../Platform/Power/debug/libPOWER_efm32_debug.a(PowerMgt.o)
 .text.RTC_IntClear
                0x00024824       0x20 ./../Platform/Power/debug/libPOWER_efm32_debug.a(PowerMgt.o)
 .text.RTC_IntDisable
                0x00024844       0x30 ./../Platform/Power/debug/libPOWER_efm32_debug.a(PowerMgt.o)
 .text.RTC_IntEnable
                0x00024874       0x2c ./../Platform/Power/debug/libPOWER_efm32_debug.a(PowerMgt.o)
 .text.PowerMgt_GetSystemTimeMs
                0x000248a0       0x88 ./../Platform/Power/debug/libPOWER_efm32_debug.a(PowerMgt.o)
                0x000248a0                PowerMgt_GetSystemTimeMs
 .text.RTC_IRQHandler
                0x00024928      0x184 ./../Platform/Power/debug/libPOWER_efm32_debug.a(PowerMgt.o)
                0x00024928                RTC_IRQHandler
 .text.vPortSetupTimerInterrupt
                0x00024aac      0x10c ./../Platform/Power/debug/libPOWER_efm32_debug.a(PowerMgt.o)
                0x00024aac                vPortSetupTimerInterrupt
 .text.BLERADIO_RegisterGetPublicAddressCallback
                0x00024bb8       0x34 ./../Platform/BLE/debug/libBLE_efm32_debug.a(BLE_radioInterface_cc.o)
                0x00024bb8                BLERADIO_RegisterGetPublicAddressCallback
 .text.INT_Disable
                0x00024bec       0x40 ./../Platform/Peripherals/debug/libPeripherals_efm32_debug.a(FSH_flash_cc.o)
 .text.INT_Enable
                0x00024c2c       0x54 ./../Platform/Peripherals/debug/libPeripherals_efm32_debug.a(FSH_flash_cc.o)
 .text.FSH_erase
                0x00024c80       0x54 ./../Platform/Peripherals/debug/libPeripherals_efm32_debug.a(FSH_flash_cc.o)
                0x00024c80                FSH_erase
 .text.FSH_writeWordStream
                0x00024cd4       0x4c ./../Platform/Peripherals/debug/libPeripherals_efm32_debug.a(FSH_flash_cc.o)
                0x00024cd4                FSH_writeWordStream
 .text.FSH_readWordStream
                0x00024d20       0x64 ./../Platform/Peripherals/debug/libPeripherals_efm32_debug.a(FSH_flash_cc.o)
                0x00024d20                FSH_readWordStream
 .text.MSC_Init
                0x00024d84      0x108 ./../Libraries/EMlib/EMLib/../BCDS_Customization/debug/libEMLib_efm32_debug.a(em_msc.o)
                0x00024d84                MSC_Init
 .text.MSC_Deinit
                0x00024e8c       0x30 ./../Libraries/EMlib/EMLib/../BCDS_Customization/debug/libEMLib_efm32_debug.a(em_msc.o)